Archive member included to satisfy reference by file (symbol)

app/libapp.a(main.c.obj)      (--whole-archive)
zephyr/libzephyr.a(crc32c_sw.c.obj)
                              (--whole-archive)
zephyr/libzephyr.a(crc32_sw.c.obj)
                              (--whole-archive)
zephyr/libzephyr.a(crc16_sw.c.obj)
                              (--whole-archive)
zephyr/libzephyr.a(crc8_sw.c.obj)
                              (--whole-archive)
zephyr/libzephyr.a(crc7_sw.c.obj)
                              (--whole-archive)
zephyr/libzephyr.a(crc4_sw.c.obj)
                              (--whole-archive)
zephyr/libzephyr.a(cbprintf_packaged.c.obj)
                              (--whole-archive)
zephyr/libzephyr.a(dec.c.obj)
                              (--whole-archive)
zephyr/libzephyr.a(hex.c.obj)
                              (--whole-archive)
zephyr/libzephyr.a(printk.c.obj)
                              (--whole-archive)
zephyr/libzephyr.a(rb.c.obj)  (--whole-archive)
zephyr/libzephyr.a(sem.c.obj)
                              (--whole-archive)
zephyr/libzephyr.a(thread_entry.c.obj)
                              (--whole-archive)
zephyr/libzephyr.a(timeutil.c.obj)
                              (--whole-archive)
zephyr/libzephyr.a(heap.c.obj)
                              (--whole-archive)
zephyr/libzephyr.a(heap-validate.c.obj)
                              (--whole-archive)
zephyr/libzephyr.a(bitarray.c.obj)
                              (--whole-archive)
zephyr/libzephyr.a(multi_heap.c.obj)
                              (--whole-archive)
zephyr/libzephyr.a(fdtable.c.obj)
                              (--whole-archive)
zephyr/libzephyr.a(cbprintf_complete.c.obj)
                              (--whole-archive)
zephyr/libzephyr.a(ring_buffer.c.obj)
                              (--whole-archive)
zephyr/libzephyr.a(assert.c.obj)
                              (--whole-archive)
zephyr/libzephyr.a(mpsc_pbuf.c.obj)
                              (--whole-archive)
zephyr/libzephyr.a(configs.c.obj)
                              (--whole-archive)
zephyr/libzephyr.a(soc.c.obj)
                              (--whole-archive)
zephyr/libzephyr.a(stm32cube_hal.c.obj)
                              (--whole-archive)
zephyr/libzephyr.a(soc_config.c.obj)
                              (--whole-archive)
zephyr/libzephyr.a(log_core.c.obj)
                              (--whole-archive)
zephyr/libzephyr.a(log_mgmt.c.obj)
                              (--whole-archive)
zephyr/libzephyr.a(log_cache.c.obj)
                              (--whole-archive)
zephyr/libzephyr.a(log_msg.c.obj)
                              (--whole-archive)
zephyr/libzephyr.a(log_output.c.obj)
                              (--whole-archive)
zephyr/libzephyr.a(log_backend_uart.c.obj)
                              (--whole-archive)
zephyr/libzephyr.a(mem_attr.c.obj)
                              (--whole-archive)
zephyr/libzephyr.a(tracing_none.c.obj)
                              (--whole-archive)
zephyr/libzephyr.a(addr_utils.c.obj)
                              (--whole-archive)
zephyr/libzephyr.a(getaddrinfo.c.obj)
                              (--whole-archive)
zephyr/libzephyr.a(sockets.c.obj)
                              (--whole-archive)
zephyr/libzephyr.a(sockets_select.c.obj)
                              (--whole-archive)
zephyr/libzephyr.a(getnameinfo.c.obj)
                              (--whole-archive)
zephyr/libzephyr.a(sockets_misc.c.obj)
                              (--whole-archive)
zephyr/arch/common/libarch__common.a(sw_isr_common.c.obj)
                              (--whole-archive)
zephyr/arch/arch/arm/core/libarch__arm__core.a(fatal.c.obj)
                              (--whole-archive)
zephyr/arch/arch/arm/core/libarch__arm__core.a(nmi.c.obj)
                              (--whole-archive)
zephyr/arch/arch/arm/core/libarch__arm__core.a(nmi_on_reset.S.obj)
                              (--whole-archive)
zephyr/arch/arch/arm/core/libarch__arm__core.a(tls.c.obj)
                              (--whole-archive)
zephyr/arch/arch/arm/core/cortex_m/libarch__arm__core__cortex_m.a(exc_exit.S.obj)
                              (--whole-archive)
zephyr/arch/arch/arm/core/cortex_m/libarch__arm__core__cortex_m.a(fault.c.obj)
                              (--whole-archive)
zephyr/arch/arch/arm/core/cortex_m/libarch__arm__core__cortex_m.a(fault_s.S.obj)
                              (--whole-archive)
zephyr/arch/arch/arm/core/cortex_m/libarch__arm__core__cortex_m.a(fpu.c.obj)
                              (--whole-archive)
zephyr/arch/arch/arm/core/cortex_m/libarch__arm__core__cortex_m.a(irq_init.c.obj)
                              (--whole-archive)
zephyr/arch/arch/arm/core/cortex_m/libarch__arm__core__cortex_m.a(reset.S.obj)
                              (--whole-archive)
zephyr/arch/arch/arm/core/cortex_m/libarch__arm__core__cortex_m.a(scb.c.obj)
                              (--whole-archive)
[...]
Memory Configuration

Name             Origin             Length             Attributes
FLASH            0x0000000008000000 0x0000000000080000 xr
RAM              0x0000000020000000 0x0000000000020000 xw
BACKUP_SRAM      0x0000000040024000 0x0000000000001000
IDT_LIST         0x00000000fffff7ff 0x0000000000000800 xw
*default*        0x0000000000000000 0xffffffffffffffff

Linker script and memory map

                0x000000000800bf50                vfprintf = __i_vfprintf
                0x0000000000000000                vfscanf = __i_vfscanf
LOAD zephyr/CMakeFiles/zephyr_pre0.dir/misc/empty_file.c.obj
LOAD zephyr/CMakeFiles/offsets.dir/./arch/arm/core/offsets/offsets.c.obj
LOAD app/libapp.a
LOAD zephyr/libzephyr.a
LOAD zephyr/arch/common/libarch__common.a
LOAD zephyr/arch/arch/arm/core/libarch__arm__core.a
LOAD zephyr/arch/arch/arm/core/cortex_m/libarch__arm__core__cortex_m.a
LOAD zephyr/arch/arch/arm/core/mpu/libarch__arm__core__mpu.a
LOAD zephyr/lib/libc/picolibc/liblib__libc__picolibc.a
LOAD zephyr/lib/libc/common/liblib__libc__common.a
LOAD zephyr/subsys/random/libsubsys__random.a
LOAD zephyr/subsys/modem/libsubsys__modem.a
LOAD zephyr/subsys/net/libsubsys__net.a
LOAD zephyr/subsys/net/l2/ppp/libsubsys__net__l2__ppp.a
LOAD zephyr/subsys/net/ip/libsubsys__net__ip.a
LOAD zephyr/subsys/net/lib/mqtt/libsubsys__net__lib__mqtt.a
LOAD zephyr/drivers/interrupt_controller/libdrivers__interrupt_controller.a
LOAD zephyr/drivers/clock_control/libdrivers__clock_control.a
LOAD zephyr/drivers/console/libdrivers__console.a
LOAD zephyr/drivers/gpio/libdrivers__gpio.a
LOAD zephyr/drivers/net/libdrivers__net.a
LOAD zephyr/drivers/pinctrl/libdrivers__pinctrl.a
LOAD zephyr/drivers/reset/libdrivers__reset.a
LOAD zephyr/drivers/serial/libdrivers__serial.a
LOAD zephyr/drivers/timer/libdrivers__timer.a
LOAD modules/stm32/stm32cube/lib..__modules__hal__stm32__stm32cube.a
LOAD zephyr/kernel/libkernel.a
LOAD /home/bryan/zephyr-sdk-0.16.3/arm-zephyr-eabi/bin/../lib/gcc/arm-zephyr-eabi/12.2.0/thumb/v7e-m/nofp/libgcc.a
LOAD zephyr/arch/common/libisr_tables.a
LOAD /home/bryan/zephyr-sdk-0.16.3/arm-zephyr-eabi/bin/../lib/gcc/../../picolibc/arm-zephyr-eabi/lib/thumb/v7e-m/nofp/libc.a
LOAD /home/bryan/zephyr-sdk-0.16.3/arm-zephyr-eabi/bin/../lib/gcc/arm-zephyr-eabi/12.2.0/thumb/v7e-m/nofp/libgcc.a
                0x0000000000000020                _region_min_align = 0x20

.rel.plt        0x0000000008000000        0x0
 *(SORT_BY_ALIGNMENT(.rel.plt))
                [!provide]                        PROVIDE (__rel_iplt_start = .)
 *(SORT_BY_ALIGNMENT(.rel.iplt))
 .rel.iplt      0x0000000008000000        0x0 app/libapp.a(main.c.obj)
                [!provide]                        PROVIDE (__rel_iplt_end = .)

.rela.plt       0x0000000000000000        0x0
 *(SORT_BY_ALIGNMENT(.rela.plt))
                [!provide]                        PROVIDE (__rela_iplt_start = .)
 *(SORT_BY_ALIGNMENT(.rela.iplt))
                [!provide]                        PROVIDE (__rela_iplt_end = .)

.rel.dyn
 *(SORT_BY_ALIGNMENT(.rel.*))

.rela.dyn
 *(SORT_BY_ALIGNMENT(.rela.*))

/DISCARD/
 *(SORT_BY_ALIGNMENT(.plt))

/DISCARD/
 *(SORT_BY_ALIGNMENT(.iplt))
                0x0000000008000000                __rom_region_start = 0x8000000

rom_start       0x0000000008000000      0x1c4
                0x0000000008000000                __rom_start_address = .
 FILL mask 0x00
                0x0000000008000000                . = (. + (0x0 - (. - __rom_start_address)))
                0x0000000008000000                . = ALIGN (0x4)
                0x0000000008000000                . = ALIGN (0x80)
                0x0000000008000000                . = ALIGN (0x200)
                0x0000000008000000                _vector_start = .
 *(SORT_BY_ALIGNMENT(.exc_vector_table))
 *(SORT_BY_ALIGNMENT(.exc_vector_table.*))
 .exc_vector_table._vector_table_section
                0x0000000008000000       0x40 zephyr/arch/arch/arm/core/cortex_m/libarch__arm__core__cortex_m.a(vector_table.S.obj)
                0x0000000008000000                _vector_table
 *(SORT_BY_ALIGNMENT(.vectors))
                0x00000000080001c4                _vector_end = .
                0x0000000008000040                . = ALIGN (0x4)
 *(SORT_BY_ALIGNMENT(.gnu.linkonce.irq_vector_table*))
 .gnu.linkonce.irq_vector_table
                0x0000000008000040      0x184 zephyr/arch/common/libisr_tables.a(isr_tables.c.obj)
                0x0000000008000040                _irq_vector_table
                0x00000000080001c4                _vector_end = .

text            0x00000000080001c4    0x11758
                0x00000000080001c4                __text_region_start = .
 *(SORT_BY_ALIGNMENT(.text))
 .text          0x00000000080001c4       0x30 /home/bryan/zephyr-sdk-0.16.3/arm-zephyr-eabi/bin/../lib/gcc/arm-zephyr-eabi/12.2.0/thumb/v7e-m/nofp/libgcc.a(_aeabi_uldivmod.o)
                0x00000000080001c4                __aeabi_uldivmod
 .text          0x00000000080001f4        0x4 /home/bryan/zephyr-sdk-0.16.3/arm-zephyr-eabi/bin/../lib/gcc/arm-zephyr-eabi/12.2.0/thumb/v7e-m/nofp/libgcc.a(_dvmd_tls.o)
                0x00000000080001f4                __aeabi_ldiv0
                0x00000000080001f4                __aeabi_idiv0
 .text          0x00000000080001f8      0x2a0 /home/bryan/zephyr-sdk-0.16.3/arm-zephyr-eabi/bin/../lib/gcc/arm-zephyr-eabi/12.2.0/thumb/v7e-m/nofp/libgcc.a(_udivmoddi4.o)
                0x00000000080001f8                __udivmoddi4
 .text          0x0000000008000498       0x10 /home/bryan/zephyr-sdk-0.16.3/arm-zephyr-eabi/bin/../lib/gcc/../../picolibc/arm-zephyr-eabi/lib/thumb/v7e-m/nofp/libc.a(strlen.S.o)
                0x0000000008000498                strlen
 *(SORT_BY_ALIGNMENT(.text.*))
 .text.wait     0x00000000080004a8       0x44 app/libapp.a(main.c.obj)
 .text.mqtt_evt_handler
                0x00000000080004ec       0xec app/libapp.a(main.c.obj)
                0x00000000080004ec                mqtt_evt_handler
 .text.main     0x00000000080005d8      0x384 app/libapp.a(main.c.obj)
                0x00000000080005d8                main
 .text.cbvprintf_package
                0x000000000800095c      0x3a4 zephyr/libzephyr.a(cbprintf_packaged.c.obj)
                0x000000000800095c                cbvprintf_package
 .text.cbprintf_package_convert
                0x0000000008000d00      0x350 zephyr/libzephyr.a(cbprintf_packaged.c.obj)
                0x0000000008000d00                cbprintf_package_convert
 .text.__printk_hook_install
                0x0000000008001050        0xc zephyr/libzephyr.a(printk.c.obj)
                0x0000000008001050                __printk_hook_install
 .text.z_thread_entry
                0x000000000800105c       0x34 zephyr/libzephyr.a(thread_entry.c.obj)
                0x000000000800105c                z_thread_entry
 .text._check_fd
                0x0000000008001090       0x38 zephyr/libzephyr.a(fdtable.c.obj)
 .text.z_get_fd_obj_and_vtable
                0x00000000080010c8       0x34 zephyr/libzephyr.a(fdtable.c.obj)
                0x00000000080010c8                z_get_fd_obj_and_vtable
 .text.z_reserve_fd
                0x00000000080010fc       0x8c zephyr/libzephyr.a(fdtable.c.obj)
                0x00000000080010fc                z_reserve_fd
 .text.z_finalize_fd
                0x0000000008001188       0x30 zephyr/libzephyr.a(fdtable.c.obj)
                0x0000000008001188                z_finalize_fd
 .text.z_free_fd
                0x00000000080011b8       0x4c zephyr/libzephyr.a(fdtable.c.obj)
                0x00000000080011b8                z_free_fd
 .text.st_stm32f4_init
                0x0000000008001204       0x28 zephyr/libzephyr.a(soc.c.obj)
 .text.st_stm32_common_config
                0x000000000800122c       0x14 zephyr/libzephyr.a(soc_config.c.obj)
 .text.activate_foreach_backend
                0x0000000008001240       0x64 zephyr/libzephyr.a(log_core.c.obj)
 .text.enable_logger
                0x00000000080012a4       0x5c zephyr/libzephyr.a(log_core.c.obj)
 .text.log_process_thread_timer_expiry_fn
                0x0000000008001300        0xc zephyr/libzephyr.a(log_core.c.obj)
 .text.z_log_init
                0x000000000800130c       0x8c zephyr/libzephyr.a(log_core.c.obj)
 .text.log_format_func_t_get
                0x0000000008001398        0xc zephyr/libzephyr.a(log_core.c.obj)
                0x0000000008001398                log_format_func_t_get
 .text.log_set_timestamp_func
                0x00000000080013a4       0x20 zephyr/libzephyr.a(log_core.c.obj)
                0x00000000080013a4                log_set_timestamp_func
 .text.z_log_notify_backend_enabled
                0x00000000080013c4       0x1c zephyr/libzephyr.a(log_core.c.obj)
                0x00000000080013c4                z_log_notify_backend_enabled
 .text.z_log_dropped
                0x00000000080013e0       0x30 zephyr/libzephyr.a(log_core.c.obj)
                0x00000000080013e0                z_log_dropped
 .text.z_log_dropped_read_and_clear
                0x0000000008001410       0x20 zephyr/libzephyr.a(log_core.c.obj)
                0x0000000008001410                z_log_dropped_read_and_clear
 .text.dropped_notify
                0x0000000008001430       0x30 zephyr/libzephyr.a(log_core.c.obj)
                0x0000000008001430                dropped_notify
 .text.z_log_msg_init
                0x0000000008001460       0x20 zephyr/libzephyr.a(log_core.c.obj)
                0x0000000008001460                z_log_msg_init
 .text.log_core_init
                0x0000000008001480       0x34 zephyr/libzephyr.a(log_core.c.obj)
                0x0000000008001480                log_core_init
 .text.z_log_msg_alloc
                0x00000000080014b4       0x10 zephyr/libzephyr.a(log_core.c.obj)
                0x00000000080014b4                z_log_msg_alloc
 .text.z_log_msg_local_claim
                0x00000000080014c4        0xc zephyr/libzephyr.a(log_core.c.obj)
                0x00000000080014c4                z_log_msg_local_claim
 .text.z_log_msg_free
                0x00000000080014d0       0x10 zephyr/libzephyr.a(log_core.c.obj)
                0x00000000080014d0                z_log_msg_free
 .text.z_log_msg_pending
                0x00000000080014e0        0xc zephyr/libzephyr.a(log_core.c.obj)
                0x00000000080014e0                z_log_msg_pending
 .text.z_impl_log_process
                0x00000000080014ec       0xb0 zephyr/libzephyr.a(log_core.c.obj)
                0x00000000080014ec                z_impl_log_process
 .text.z_impl_log_panic
                0x000000000800159c       0x44 zephyr/libzephyr.a(log_core.c.obj)
                0x000000000800159c                z_impl_log_panic
 .text.log_process_thread_func
                0x00000000080015e0       0xa4 zephyr/libzephyr.a(log_core.c.obj)
 .text.z_log_msg_post_finalize
                0x0000000008001684       0x78 zephyr/libzephyr.a(log_core.c.obj)
 .text.z_log_msg_commit
                0x00000000080016fc       0x24 zephyr/libzephyr.a(log_core.c.obj)
                0x00000000080016fc                z_log_msg_commit
 .text.log_source_name_get
                0x0000000008001720       0x1c zephyr/libzephyr.a(log_mgmt.c.obj)
                0x0000000008001720                log_source_name_get
 .text.log_backend_enable
                0x000000000800173c       0x28 zephyr/libzephyr.a(log_mgmt.c.obj)
                0x000000000800173c                log_backend_enable
 .text.z_impl_z_log_msg_static_create
                0x0000000008001764       0xd8 zephyr/libzephyr.a(log_msg.c.obj)
                0x0000000008001764                z_impl_z_log_msg_static_create
 .text.z_impl_z_log_msg_runtime_vcreate
                0x000000000800183c       0x8c zephyr/libzephyr.a(log_msg.c.obj)
                0x000000000800183c                z_impl_z_log_msg_runtime_vcreate
 .text.print_formatted
                0x00000000080018c8       0x24 zephyr/libzephyr.a(log_output.c.obj)
 .text.newline_print
                0x00000000080018ec       0x1c zephyr/libzephyr.a(log_output.c.obj)
 .text.log_output_process
                0x0000000008001908      0x2a8 zephyr/libzephyr.a(log_output.c.obj)
                0x0000000008001908                log_output_process
 .text.log_output_msg_process
                0x0000000008001bb0       0x70 zephyr/libzephyr.a(log_output.c.obj)
                0x0000000008001bb0                log_output_msg_process
 .text.log_output_dropped_process
                0x0000000008001c20       0x58 zephyr/libzephyr.a(log_output.c.obj)
                0x0000000008001c20                log_output_dropped_process
 .text.log_output_timestamp_freq_set
                0x0000000008001c78       0x2c zephyr/libzephyr.a(log_output.c.obj)
                0x0000000008001c78                log_output_timestamp_freq_set
 .text.format_set
                0x0000000008001ca4        0xc zephyr/libzephyr.a(log_backend_uart.c.obj)
 .text.panic    0x0000000008001cb0       0x14 zephyr/libzephyr.a(log_backend_uart.c.obj)
 .text.dropped  0x0000000008001cc4        0xc zephyr/libzephyr.a(log_backend_uart.c.obj)
 .text.process  0x0000000008001cd0       0x24 zephyr/libzephyr.a(log_backend_uart.c.obj)
 .text.char_out
                0x0000000008001cf4       0x24 zephyr/libzephyr.a(log_backend_uart.c.obj)
 .text.mem_attr_get_regions
                0x0000000008001d18        0xc zephyr/libzephyr.a(mem_attr.c.obj)
                0x0000000008001d18                mem_attr_get_regions
 .text.get_sock_vtable.part.0
                0x0000000008001d24       0x28 zephyr/libzephyr.a(sockets.c.obj)
 .text.zsock_socket_internal
                0x0000000008001d4c       0x84 zephyr/libzephyr.a(sockets.c.obj)
 .text.zsock_accepted_cb
                0x0000000008001dd0       0x4c zephyr/libzephyr.a(sockets.c.obj)
 .text.send_check_and_wait
                0x0000000008001e1c      0x104 zephyr/libzephyr.a(sockets.c.obj)
 .text.sock_ioctl_vmeth
                0x0000000008001f20      0x1e4 zephyr/libzephyr.a(sockets.c.obj)
 .text.z_impl_zsock_socket
                0x0000000008002104       0x58 zephyr/libzephyr.a(sockets.c.obj)
                0x0000000008002104                z_impl_zsock_socket
 .text.zsock_close_ctx
                0x000000000800215c       0x60 zephyr/libzephyr.a(sockets.c.obj)
                0x000000000800215c                zsock_close_ctx
 .text.z_impl_zsock_close
                0x00000000080021bc       0x50 zephyr/libzephyr.a(sockets.c.obj)
                0x00000000080021bc                z_impl_zsock_close
 .text.zsock_shutdown_ctx
                0x000000000800220c       0x68 zephyr/libzephyr.a(sockets.c.obj)
                0x000000000800220c                zsock_shutdown_ctx
 .text.zsock_bind_ctx
                0x0000000008002274       0x4c zephyr/libzephyr.a(sockets.c.obj)
                0x0000000008002274                zsock_bind_ctx
 .text.zsock_connect_ctx
                0x00000000080022c0       0xc8 zephyr/libzephyr.a(sockets.c.obj)
                0x00000000080022c0                zsock_connect_ctx
 .text.z_impl_zsock_connect
                0x0000000008002388       0x58 zephyr/libzephyr.a(sockets.c.obj)
                0x0000000008002388                z_impl_zsock_connect
 .text.zsock_listen_ctx
                0x00000000080023e0       0x3c zephyr/libzephyr.a(sockets.c.obj)
                0x00000000080023e0                zsock_listen_ctx
 .text.zsock_sendto_ctx
                0x000000000800241c      0x104 zephyr/libzephyr.a(sockets.c.obj)
                0x000000000800241c                zsock_sendto_ctx
 .text.z_impl_zsock_sendto
                0x0000000008002520       0x6c zephyr/libzephyr.a(sockets.c.obj)
                0x0000000008002520                z_impl_zsock_sendto
 .text.zsock_sendmsg_ctx
                0x000000000800258c       0xb4 zephyr/libzephyr.a(sockets.c.obj)
                0x000000000800258c                zsock_sendmsg_ctx
 .text.z_impl_zsock_sendmsg
                0x0000000008002640       0x58 zephyr/libzephyr.a(sockets.c.obj)
                0x0000000008002640                z_impl_zsock_sendmsg
 .text.zsock_wait_data
                0x0000000008002698       0x64 zephyr/libzephyr.a(sockets.c.obj)
                0x0000000008002698                zsock_wait_data
 .text.zsock_accept_ctx
                0x00000000080026fc      0x124 zephyr/libzephyr.a(sockets.c.obj)
                0x00000000080026fc                zsock_accept_ctx
 .text.zsock_recvfrom_ctx
                0x0000000008002820      0x2f4 zephyr/libzephyr.a(sockets.c.obj)
                0x0000000008002820                zsock_recvfrom_ctx
 .text.z_impl_zsock_recvfrom
                0x0000000008002b14       0x6c zephyr/libzephyr.a(sockets.c.obj)
                0x0000000008002b14                z_impl_zsock_recvfrom
 .text.zsock_poll_internal
                0x0000000008002b80      0x204 zephyr/libzephyr.a(sockets.c.obj)
                0x0000000008002b80                zsock_poll_internal
 .text.zsock_getsockopt_ctx
                0x0000000008002d84       0x98 zephyr/libzephyr.a(sockets.c.obj)
                0x0000000008002d84                zsock_getsockopt_ctx
 .text.zsock_setsockopt_ctx
                0x0000000008002e1c       0xd0 zephyr/libzephyr.a(sockets.c.obj)
                0x0000000008002e1c                zsock_setsockopt_ctx
 .text.zsock_getpeername_ctx
                0x0000000008002eec       0x68 zephyr/libzephyr.a(sockets.c.obj)
                0x0000000008002eec                zsock_getpeername_ctx
 .text.zsock_getsockname_ctx
                0x0000000008002f54       0x50 zephyr/libzephyr.a(sockets.c.obj)
                0x0000000008002f54                zsock_getsockname_ctx
 .text.z_arm_fatal_error
                0x0000000008002fa4       0xa0 zephyr/arch/arch/arm/core/libarch__arm__core.a(fatal.c.obj)
                0x0000000008002fa4                z_arm_fatal_error
 .text.z_SysNmiOnReset
                0x0000000008003044        0x8 zephyr/arch/arch/arm/core/libarch__arm__core.a(nmi_on_reset.S.obj)
                0x0000000008003044                z_SysNmiOnReset
 .text.arch_tls_stack_setup
                0x000000000800304c       0x5c zephyr/arch/arch/arm/core/libarch__arm__core.a(tls.c.obj)
                0x000000000800304c                arch_tls_stack_setup
 .text._HandlerModeExit
                0x00000000080030a8       0x1c zephyr/arch/arch/arm/core/cortex_m/libarch__arm__core__cortex_m.a(exc_exit.S.obj)
                0x00000000080030a8                z_arm_exc_exit
                0x00000000080030a8                z_arm_int_exit
 .text.bus_fault.constprop.0
                0x00000000080030c4       0xd0 zephyr/arch/arch/arm/core/cortex_m/libarch__arm__core__cortex_m.a(fault.c.obj)
 .text.usage_fault.constprop.0
                0x0000000008003194       0xa8 zephyr/arch/arch/arm/core/cortex_m/libarch__arm__core__cortex_m.a(fault.c.obj)
 .text.mem_manage_fault
                0x000000000800323c      0x104 zephyr/arch/arch/arm/core/cortex_m/libarch__arm__core__cortex_m.a(fault.c.obj)
 .text.z_arm_fault
                0x0000000008003340      0x1b4 zephyr/arch/arch/arm/core/cortex_m/libarch__arm__core__cortex_m.a(fault.c.obj)
                0x0000000008003340                z_arm_fault
 .text.z_arm_fault_init
                0x00000000080034f4       0x10 zephyr/arch/arch/arm/core/cortex_m/libarch__arm__core__cortex_m.a(fault.c.obj)
                0x00000000080034f4                z_arm_fault_init
 .text.__fault  0x0000000008003504       0x14 zephyr/arch/arch/arm/core/cortex_m/libarch__arm__core__cortex_m.a(fault_s.S.obj)
                0x0000000008003504                z_arm_bus_fault
                0x0000000008003504                z_arm_usage_fault
                0x0000000008003504                z_arm_mpu_fault
                0x0000000008003504                z_arm_exc_spurious
                0x0000000008003504                z_arm_debug_monitor
                0x0000000008003504                z_arm_hard_fault
 .text.z_arm_interrupt_init
                0x0000000008003518       0x18 zephyr/arch/arch/arm/core/cortex_m/libarch__arm__core__cortex_m.a(irq_init.c.obj)
                0x0000000008003518                z_arm_interrupt_init
 .text._reset_section
                0x0000000008003530       0x2c zephyr/arch/arch/arm/core/cortex_m/libarch__arm__core__cortex_m.a(reset.S.obj)
                0x0000000008003530                z_arm_reset
                0x0000000008003530                __start
 .text.z_impl_k_thread_abort
                0x000000000800355c       0x2c zephyr/arch/arch/arm/core/cortex_m/libarch__arm__core__cortex_m.a(thread_abort.c.obj)
                0x000000000800355c                z_impl_k_thread_abort
 .text.arch_swap
                0x0000000008003588       0x30 zephyr/arch/arch/arm/core/cortex_m/libarch__arm__core__cortex_m.a(swap.c.obj)
                0x0000000008003588                arch_swap
 .text.z_arm_pendsv
                0x00000000080035b8       0x64 zephyr/arch/arch/arm/core/cortex_m/libarch__arm__core__cortex_m.a(swap_helper.S.obj)
                0x00000000080035b8                z_arm_pendsv
 .text.z_arm_svc
                0x000000000800361c       0x20 zephyr/arch/arch/arm/core/cortex_m/libarch__arm__core__cortex_m.a(swap_helper.S.obj)
                0x000000000800361c                z_arm_svc
 .text.arch_irq_enable
                0x000000000800363c       0x1c zephyr/arch/arch/arm/core/cortex_m/libarch__arm__core__cortex_m.a(irq_manage.c.obj)
                0x000000000800363c                arch_irq_enable
 .text.z_arm_irq_priority_set
                0x0000000008003658       0x30 zephyr/arch/arch/arm/core/cortex_m/libarch__arm__core__cortex_m.a(irq_manage.c.obj)
                0x0000000008003658                z_arm_irq_priority_set
 .text.z_arm_prep_c
                0x0000000008003688       0x48 zephyr/arch/arch/arm/core/cortex_m/libarch__arm__core__cortex_m.a(prep_c.c.obj)
                0x0000000008003688                z_arm_prep_c
 .text.arch_new_thread
                0x00000000080036d0       0x38 zephyr/arch/arch/arm/core/cortex_m/libarch__arm__core__cortex_m.a(thread.c.obj)
                0x00000000080036d0                arch_new_thread
 .text.z_check_thread_stack_fail
                0x0000000008003708       0x2c zephyr/arch/arch/arm/core/cortex_m/libarch__arm__core__cortex_m.a(thread.c.obj)
                0x0000000008003708                z_check_thread_stack_fail
 .text.arch_switch_to_main_thread
                0x0000000008003734       0x38 zephyr/arch/arch/arm/core/cortex_m/libarch__arm__core__cortex_m.a(thread.c.obj)
                0x0000000008003734                arch_switch_to_main_thread
 .text.z_arm_cpu_idle_init
                0x000000000800376c        0xc zephyr/arch/arch/arm/core/cortex_m/libarch__arm__core__cortex_m.a(cpu_idle.S.obj)
                0x000000000800376c                z_arm_cpu_idle_init
 .text.arch_cpu_idle
                0x0000000008003778       0x1c zephyr/arch/arch/arm/core/cortex_m/libarch__arm__core__cortex_m.a(cpu_idle.S.obj)
                0x0000000008003778                arch_cpu_idle
 .text._isr_wrapper
                0x0000000008003794       0x28 zephyr/arch/arch/arm/core/cortex_m/libarch__arm__core__cortex_m.a(isr_wrapper.S.obj)
                0x0000000008003794                _isr_wrapper
 .text.z_arm_configure_static_mpu_regions
                0x00000000080037bc       0x18 zephyr/arch/arch/arm/core/mpu/libarch__arm__core__mpu.a(arm_core_mpu.c.obj)
                0x00000000080037bc                z_arm_configure_static_mpu_regions
 .text.z_arm_configure_dynamic_mpu_regions
                0x00000000080037d4       0x20 zephyr/arch/arch/arm/core/mpu/libarch__arm__core__mpu.a(arm_core_mpu.c.obj)
                0x00000000080037d4                z_arm_configure_dynamic_mpu_regions
 .text.region_allocate_and_init
                0x00000000080037f4       0x48 zephyr/arch/arch/arm/core/mpu/libarch__arm__core__mpu.a(arm_mpu.c.obj)
 .text.mpu_configure_regions
                0x000000000800383c       0x68 zephyr/arch/arch/arm/core/mpu/libarch__arm__core__mpu.a(arm_mpu.c.obj)
 .text.arm_core_mpu_enable
                0x00000000080038a4       0x18 zephyr/arch/arch/arm/core/mpu/libarch__arm__core__mpu.a(arm_mpu.c.obj)
                0x00000000080038a4                arm_core_mpu_enable
 .text.arm_core_mpu_disable
                0x00000000080038bc       0x14 zephyr/arch/arch/arm/core/mpu/libarch__arm__core__mpu.a(arm_mpu.c.obj)
                0x00000000080038bc                arm_core_mpu_disable
 .text.arm_core_mpu_configure_static_mpu_regions
                0x00000000080038d0       0x14 zephyr/arch/arch/arm/core/mpu/libarch__arm__core__mpu.a(arm_mpu.c.obj)
                0x00000000080038d0                arm_core_mpu_configure_static_mpu_regions
 .text.arm_core_mpu_configure_dynamic_mpu_regions
                0x00000000080038e4       0x30 zephyr/arch/arch/arm/core/mpu/libarch__arm__core__mpu.a(arm_mpu.c.obj)
                0x00000000080038e4                arm_core_mpu_configure_dynamic_mpu_regions
 .text.z_arm_mpu_init
                0x0000000008003914      0x158 zephyr/arch/arch/arm/core/mpu/libarch__arm__core__mpu.a(arm_mpu.c.obj)
                0x0000000008003914                z_arm_mpu_init
 .text.z_impl_zephyr_fputc
                0x0000000008003a6c       0x10 zephyr/lib/libc/picolibc/liblib__libc__picolibc.a(libc-hooks.c.obj)
                0x0000000008003a6c                z_impl_zephyr_fputc
 .text.__stdout_hook_install
                0x0000000008003a7c       0x18 zephyr/lib/libc/picolibc/liblib__libc__picolibc.a(libc-hooks.c.obj)
                0x0000000008003a7c                __stdout_hook_install
 .text.cbvprintf
                0x0000000008003a94       0x38 zephyr/lib/libc/picolibc/liblib__libc__picolibc.a(libc-hooks.c.obj)
                0x0000000008003a94                cbvprintf
 .text.malloc_prepare
                0x0000000008003acc       0x24 zephyr/lib/libc/common/liblib__libc__common.a(malloc.c.obj)
 .text.z_impl_sys_rand32_get
                0x0000000008003af0       0x58 zephyr/subsys/random/libsubsys__random.a(rand32_timer.c.obj)
                0x0000000008003af0                z_impl_sys_rand32_get
 .text.net_buf_id
                0x0000000008003b48       0x20 zephyr/subsys/net/libsubsys__net.a(buf.c.obj)
                0x0000000008003b48                net_buf_id
 .text.fixed_data_alloc
                0x0000000008003b68       0x30 zephyr/subsys/net/libsubsys__net.a(buf.c.obj)
 .text.net_buf_alloc_len
                0x0000000008003b98       0xfc zephyr/subsys/net/libsubsys__net.a(buf.c.obj)
                0x0000000008003b98                net_buf_alloc_len
 .text.net_buf_unref
                0x0000000008003c94       0x64 zephyr/subsys/net/libsubsys__net.a(buf.c.obj)
                0x0000000008003c94                net_buf_unref
 .text.tx_handler
                0x0000000008003cf8       0x38 zephyr/subsys/net/l2/ppp/libsubsys__net__l2__ppp.a(ppp_l2.c.obj)
 .text.net_ppp_mgmt_evt_handler
                0x0000000008003d30       0x7c zephyr/subsys/net/l2/ppp/libsubsys__net__l2__ppp.a(ppp_l2.c.obj)
 .text.ppp_recv
                0x0000000008003dac       0xb4 zephyr/subsys/net/l2/ppp/libsubsys__net__l2__ppp.a(ppp_l2.c.obj)
 .text.ppp_lcp_get
                0x0000000008003e60        0xc zephyr/subsys/net/l2/ppp/libsubsys__net__l2__ppp.a(ppp_l2.c.obj)
                0x0000000008003e60                ppp_lcp_get
 .text.ppp_queue_pkt
                0x0000000008003e6c        0xc zephyr/subsys/net/l2/ppp/libsubsys__net__l2__ppp.a(ppp_l2.c.obj)
                0x0000000008003e6c                ppp_queue_pkt
 .text.net_ppp_init
                0x0000000008003e78       0xa8 zephyr/subsys/net/l2/ppp/libsubsys__net__l2__ppp.a(ppp_l2.c.obj)
                0x0000000008003e78                net_ppp_init
 .text.ppp_fsm_init
                0x0000000008003f20       0x18 zephyr/subsys/net/l2/ppp/libsubsys__net__l2__ppp.a(fsm.c.obj)
                0x0000000008003f20                ppp_fsm_init
 .text.ppp_send_pkt
                0x0000000008003f38      0x1fc zephyr/subsys/net/l2/ppp/libsubsys__net__l2__ppp.a(fsm.c.obj)
                0x0000000008003f38                ppp_send_pkt
 .text.ppp_fsm_input
                0x0000000008004134      0x36c zephyr/subsys/net/l2/ppp/libsubsys__net__l2__ppp.a(fsm.c.obj)
                0x0000000008004134                ppp_fsm_input
 .text.lcp_init
                0x00000000080044a0       0x70 zephyr/subsys/net/l2/ppp/libsubsys__net__l2__ppp.a(lcp.c.obj)
 .text.ppp_config_info_req
                0x0000000008004510       0x94 zephyr/subsys/net/l2/ppp/libsubsys__net__l2__ppp.a(options.c.obj)
                0x0000000008004510                ppp_config_info_req
 .text.ppp_my_options_parse_conf_nak
                0x00000000080045a4       0x20 zephyr/subsys/net/l2/ppp/libsubsys__net__l2__ppp.a(options.c.obj)
                0x00000000080045a4                ppp_my_options_parse_conf_nak
 .text.ppp_my_options_parse_conf_rej
                0x00000000080045c4       0x20 zephyr/subsys/net/l2/ppp/libsubsys__net__l2__ppp.a(options.c.obj)
                0x00000000080045c4                ppp_my_options_parse_conf_rej
 .text.do_network
                0x00000000080045e4       0x8c zephyr/subsys/net/l2/ppp/libsubsys__net__l2__ppp.a(link.c.obj)
 .text.ppp_link_established
                0x0000000008004670       0x40 zephyr/subsys/net/l2/ppp/libsubsys__net__l2__ppp.a(link.c.obj)
                0x0000000008004670                ppp_link_established
 .text.ppp_network_done
                0x00000000080046b0       0x2c zephyr/subsys/net/l2/ppp/libsubsys__net__l2__ppp.a(network.c.obj)
                0x00000000080046b0                ppp_network_done
 .text.ppp_network_all_down
                0x00000000080046dc       0x78 zephyr/subsys/net/l2/ppp/libsubsys__net__l2__ppp.a(network.c.obj)
                0x00000000080046dc                ppp_network_all_down
 .text.ppp_proto2str
                0x0000000008004754        0x8 zephyr/subsys/net/l2/ppp/libsubsys__net__l2__ppp.a(misc.c.obj)
                0x0000000008004754                ppp_proto2str
 .text.ipcp_config_info_req
                0x000000000800475c       0x3c zephyr/subsys/net/l2/ppp/libsubsys__net__l2__ppp.a(ipcp.c.obj)
 .text.ipcp_init
                0x0000000008004798       0x98 zephyr/subsys/net/l2/ppp/libsubsys__net__l2__ppp.a(ipcp.c.obj)
 .text.ipcp_up  0x0000000008004830       0x88 zephyr/subsys/net/l2/ppp/libsubsys__net__l2__ppp.a(ipcp.c.obj)
 .text.net_ipv4_is_ll_addr
                0x00000000080048b8       0x18 zephyr/subsys/net/ip/libsubsys__net__ip.a(net_if.c.obj)
 .text.iface_router_update_timer
                0x00000000080048d0       0x7c zephyr/subsys/net/ip/libsubsys__net__ip.a(net_if.c.obj)
 .text.net_if_ipv4_get_best_match
                0x000000000800494c       0x94 zephyr/subsys/net/ip/libsubsys__net__ip.a(net_if.c.obj)
 .text.iface_router_expired
                0x00000000080049e0       0xa8 zephyr/subsys/net/ip/libsubsys__net__ip.a(net_if.c.obj)
 .text.update_operational_state
                0x0000000008004a88       0xa0 zephyr/subsys/net/ip/libsubsys__net__ip.a(net_if.c.obj)
 .text.z_impl_net_if_get_by_index
                0x0000000008004b28       0x24 zephyr/subsys/net/ip/libsubsys__net__ip.a(net_if.c.obj)
                0x0000000008004b28                z_impl_net_if_get_by_index
 .text.net_if_get_default
                0x0000000008004b4c       0x24 zephyr/subsys/net/ip/libsubsys__net__ip.a(net_if.c.obj)
                0x0000000008004b4c                net_if_get_default
 .text.net_if_config_ipv4_get
                0x0000000008004b70       0x68 zephyr/subsys/net/ip/libsubsys__net__ip.a(net_if.c.obj)
                0x0000000008004b70                net_if_config_ipv4_get
 .text.net_if_ipv4_is_addr_bcast
                0x0000000008004bd8       0x30 zephyr/subsys/net/ip/libsubsys__net__ip.a(net_if.c.obj)
                0x0000000008004bd8                net_if_ipv4_is_addr_bcast
 .text.net_if_ipv4_select_src_iface
                0x0000000008004c08       0x30 zephyr/subsys/net/ip/libsubsys__net__ip.a(net_if.c.obj)
                0x0000000008004c08                net_if_ipv4_select_src_iface
 .text.net_if_ipv4_select_src_addr
                0x0000000008004c38       0xa8 zephyr/subsys/net/ip/libsubsys__net__ip.a(net_if.c.obj)
                0x0000000008004c38                net_if_ipv4_select_src_addr
 .text.net_if_ipv4_addr_lookup
                0x0000000008004ce0       0x54 zephyr/subsys/net/ip/libsubsys__net__ip.a(net_if.c.obj)
                0x0000000008004ce0                net_if_ipv4_addr_lookup
 .text.net_if_ipv4_addr_add
                0x0000000008004d34       0x8c zephyr/subsys/net/ip/libsubsys__net__ip.a(net_if.c.obj)
                0x0000000008004d34                net_if_ipv4_addr_add
 .text.net_if_ipv4_addr_rm
                0x0000000008004dc0       0x48 zephyr/subsys/net/ip/libsubsys__net__ip.a(net_if.c.obj)
                0x0000000008004dc0                net_if_ipv4_addr_rm
 .text.net_if_ipv4_maddr_lookup
                0x0000000008004e08       0x64 zephyr/subsys/net/ip/libsubsys__net__ip.a(net_if.c.obj)
                0x0000000008004e08                net_if_ipv4_maddr_lookup
 .text.net_if_call_link_cb
                0x0000000008004e6c       0x4c zephyr/subsys/net/ip/libsubsys__net__ip.a(net_if.c.obj)
                0x0000000008004e6c                net_if_call_link_cb
 .text.net_if_tx.isra.0
                0x0000000008004eb8       0xbc zephyr/subsys/net/ip/libsubsys__net__ip.a(net_if.c.obj)
 .text.net_if_send_data
                0x0000000008004f74       0xac zephyr/subsys/net/ip/libsubsys__net__ip.a(net_if.c.obj)
                0x0000000008004f74                net_if_send_data
 .text.net_if_get_by_iface
                0x0000000008005020       0x2c zephyr/subsys/net/ip/libsubsys__net__ip.a(net_if.c.obj)
                0x0000000008005020                net_if_get_by_iface
 .text.net_if_up
                0x000000000800504c       0x5c zephyr/subsys/net/ip/libsubsys__net__ip.a(net_if.c.obj)
                0x000000000800504c                net_if_up
 .text.net_if_get_by_name
                0x00000000080050a8       0x44 zephyr/subsys/net/ip/libsubsys__net__ip.a(net_if.c.obj)
                0x00000000080050a8                net_if_get_by_name
 .text.net_if_init
                0x00000000080050ec      0x194 zephyr/subsys/net/ip/libsubsys__net__ip.a(net_if.c.obj)
                0x00000000080050ec                net_if_init
 .text.net_if_post_init
                0x0000000008005280       0x28 zephyr/subsys/net/ip/libsubsys__net__ip.a(net_if.c.obj)
                0x0000000008005280                net_if_post_init
 .text.z_impl_net_addr_ntop
                0x00000000080052a8      0x210 zephyr/subsys/net/ip/libsubsys__net__ip.a(utils.c.obj)
                0x00000000080052a8                z_impl_net_addr_ntop
 .text.net_sprint_addr
                0x00000000080054b8       0x2c zephyr/subsys/net/ip/libsubsys__net__ip.a(utils.c.obj)
                0x00000000080054b8                net_sprint_addr
 .text.z_impl_net_addr_pton
                0x00000000080054e4      0x190 zephyr/subsys/net/ip/libsubsys__net__ip.a(utils.c.obj)
                0x00000000080054e4                z_impl_net_addr_pton
 .text.net_ipv4_unspecified_address
                0x0000000008005674        0x8 zephyr/subsys/net/ip/libsubsys__net__ip.a(utils.c.obj)
                0x0000000008005674                net_ipv4_unspecified_address
 .text.net_ipv4_broadcast_address
                0x000000000800567c        0x8 zephyr/subsys/net/ip/libsubsys__net__ip.a(utils.c.obj)
                0x000000000800567c                net_ipv4_broadcast_address
 .text.mgmt_thread
                0x0000000008005684       0xcc zephyr/subsys/net/ip/libsubsys__net__ip.a(net_mgmt.c.obj)
 .text.net_mgmt_add_event_callback
                0x0000000008005750       0x40 zephyr/subsys/net/ip/libsubsys__net__ip.a(net_mgmt.c.obj)
                0x0000000008005750                net_mgmt_add_event_callback
 .text.net_mgmt_event_notify_with_info
                0x0000000008005790       0x7c zephyr/subsys/net/ip/libsubsys__net__ip.a(net_mgmt.c.obj)
                0x0000000008005790                net_mgmt_event_notify_with_info
 .text.net_mgmt_event_init
                0x000000000800580c       0x4c zephyr/subsys/net/ip/libsubsys__net__ip.a(net_mgmt.c.obj)
                0x000000000800580c                net_mgmt_event_init
 .text.check_used_port
                0x0000000008005858       0xac zephyr/subsys/net/ip/libsubsys__net__ip.a(net_context.c.obj)
 .text.find_available_port
                0x0000000008005904       0x34 zephyr/subsys/net/ip/libsubsys__net__ip.a(net_context.c.obj)
 .text.context_sendto.constprop.0
                0x0000000008005938      0x1e4 zephyr/subsys/net/ip/libsubsys__net__ip.a(net_context.c.obj)
 .text.net_context_get
                0x0000000008005b1c      0x17c zephyr/subsys/net/ip/libsubsys__net__ip.a(net_context.c.obj)
                0x0000000008005b1c                net_context_get
 .text.net_context_put
                0x0000000008005c98       0x50 zephyr/subsys/net/ip/libsubsys__net__ip.a(net_context.c.obj)
                0x0000000008005c98                net_context_put
 .text.net_context_bind
                0x0000000008005ce8      0x148 zephyr/subsys/net/ip/libsubsys__net__ip.a(net_context.c.obj)
                0x0000000008005ce8                net_context_bind
 .text.net_context_packet_received
                0x0000000008005e30       0xb0 zephyr/subsys/net/ip/libsubsys__net__ip.a(net_context.c.obj)
                0x0000000008005e30                net_context_packet_received
 .text.net_context_set_option
                0x0000000008005ee0       0x9c zephyr/subsys/net/ip/libsubsys__net__ip.a(net_context.c.obj)
                0x0000000008005ee0                net_context_set_option
 .text.net_context_get_option
                0x0000000008005f7c       0x98 zephyr/subsys/net/ip/libsubsys__net__ip.a(net_context.c.obj)
                0x0000000008005f7c                net_context_get_option
 .text.net_context_init
                0x0000000008006014       0x10 zephyr/subsys/net/ip/libsubsys__net__ip.a(net_context.c.obj)
                0x0000000008006014                net_context_init
 .text.net_pkt_get_reserve_data
                0x0000000008006024       0x40 zephyr/subsys/net/ip/libsubsys__net__ip.a(net_pkt.c.obj)
                0x0000000008006024                net_pkt_get_reserve_data
 .text.net_pkt_get_reserve_rx_data
                0x0000000008006064        0xc zephyr/subsys/net/ip/libsubsys__net__ip.a(net_pkt.c.obj)
                0x0000000008006064                net_pkt_get_reserve_rx_data
 .text.net_pkt_get_reserve_tx_data
                0x0000000008006070        0xc zephyr/subsys/net/ip/libsubsys__net__ip.a(net_pkt.c.obj)
                0x0000000008006070                net_pkt_get_reserve_tx_data
 .text.net_pkt_get_frag
                0x000000000800607c       0x20 zephyr/subsys/net/ip/libsubsys__net__ip.a(net_pkt.c.obj)
                0x000000000800607c                net_pkt_get_frag
 .text.pkt_alloc
                0x000000000800609c       0x50 zephyr/subsys/net/ip/libsubsys__net__ip.a(net_pkt.c.obj)
 .text.net_pkt_alloc
                0x00000000080060ec       0x10 zephyr/subsys/net/ip/libsubsys__net__ip.a(net_pkt.c.obj)
                0x00000000080060ec                net_pkt_alloc
 .text.net_pkt_rx_alloc
                0x00000000080060fc       0x10 zephyr/subsys/net/ip/libsubsys__net__ip.a(net_pkt.c.obj)
                0x00000000080060fc                net_pkt_rx_alloc
 .text.net_pkt_alloc_buffer
                0x000000000800610c      0x138 zephyr/subsys/net/ip/libsubsys__net__ip.a(net_pkt.c.obj)
                0x000000000800610c                net_pkt_alloc_buffer
 .text.net_pkt_alloc_with_buffer
                0x0000000008006244       0x24 zephyr/subsys/net/ip/libsubsys__net__ip.a(net_pkt.c.obj)
                0x0000000008006244                net_pkt_alloc_with_buffer
 .text.net_pkt_rx_alloc_with_buffer
                0x0000000008006268       0x24 zephyr/subsys/net/ip/libsubsys__net__ip.a(net_pkt.c.obj)
                0x0000000008006268                net_pkt_rx_alloc_with_buffer
 .text.net_pkt_get_data
                0x000000000800628c       0x50 zephyr/subsys/net/ip/libsubsys__net__ip.a(net_pkt.c.obj)
                0x000000000800628c                net_pkt_get_data
 .text.net_tc_submit_to_rx_queue
                0x00000000080062dc       0x14 zephyr/subsys/net/ip/libsubsys__net__ip.a(net_tc.c.obj)
                0x00000000080062dc                net_tc_submit_to_rx_queue
 .text.net_rx_priority2tc
                0x00000000080062f0       0x10 zephyr/subsys/net/ip/libsubsys__net__ip.a(net_tc.c.obj)
                0x00000000080062f0                net_rx_priority2tc
 .text.net_tc_rx_init
                0x0000000008006300       0x68 zephyr/subsys/net/ip/libsubsys__net__ip.a(net_tc.c.obj)
                0x0000000008006300                net_tc_rx_init
 .text.icmp_call_handlers
                0x0000000008006368       0x6c zephyr/subsys/net/ip/libsubsys__net__ip.a(icmp.c.obj)
 .text.net_icmp_init_ctx
                0x00000000080063d4       0x50 zephyr/subsys/net/ip/libsubsys__net__ip.a(icmp.c.obj)
                0x00000000080063d4                net_icmp_init_ctx
 .text.k_mutex_lock.constprop.0.isra.0
                0x0000000008006424       0x10 zephyr/subsys/net/ip/libsubsys__net__ip.a(connection.c.obj)
 .text.k_mutex_unlock.constprop.0.isra.0
                0x0000000008006434        0xc zephyr/subsys/net/ip/libsubsys__net__ip.a(connection.c.obj)
 .text.conn_set_unused
                0x0000000008006440       0x34 zephyr/subsys/net/ip/libsubsys__net__ip.a(connection.c.obj)
 .text.net_conn_register
                0x0000000008006474      0x26c zephyr/subsys/net/ip/libsubsys__net__ip.a(connection.c.obj)
                0x0000000008006474                net_conn_register
 .text.net_conn_unregister
                0x00000000080066e0       0x78 zephyr/subsys/net/ip/libsubsys__net__ip.a(connection.c.obj)
                0x00000000080066e0                net_conn_unregister
 .text.net_conn_input
                0x0000000008006758      0x1fc zephyr/subsys/net/ip/libsubsys__net__ip.a(connection.c.obj)
                0x0000000008006758                net_conn_input
 .text.net_conn_init
                0x0000000008006954       0x40 zephyr/subsys/net/ip/libsubsys__net__ip.a(connection.c.obj)
                0x0000000008006954                net_conn_init
 .text.net_icmpv4_input
                0x0000000008006994       0x74 zephyr/subsys/net/ip/libsubsys__net__ip.a(icmpv4.c.obj)
                0x0000000008006994                net_icmpv4_input
 .text.net_icmpv4_init
                0x0000000008006a08       0x3c zephyr/subsys/net/ip/libsubsys__net__ip.a(icmpv4.c.obj)
                0x0000000008006a08                net_icmpv4_init
 .text.th_get   0x0000000008006a44      0x100 zephyr/subsys/net/ip/libsubsys__net__ip.a(tcp.c.obj)
 .text.tcp_send_timer_cancel
                0x0000000008006b44       0x7c zephyr/subsys/net/ip/libsubsys__net__ip.a(tcp.c.obj)
 .text.tcp_enter_time_wait
                0x0000000008006bc0       0x28 zephyr/subsys/net/ip/libsubsys__net__ip.a(tcp.c.obj)
 .text.tcp_endpoint_set
                0x0000000008006be8       0x34 zephyr/subsys/net/ip/libsubsys__net__ip.a(tcp.c.obj)
 .text.tcp_unsent_len
                0x0000000008006c1c       0x44 zephyr/subsys/net/ip/libsubsys__net__ip.a(tcp.c.obj)
 .text.tcp_send
                0x0000000008006c60       0x44 zephyr/subsys/net/ip/libsubsys__net__ip.a(tcp.c.obj)
 .text.tcp_send_process_no_lock
                0x0000000008006ca4      0x134 zephyr/subsys/net/ip/libsubsys__net__ip.a(tcp.c.obj)
 .text.tcp_conn_unref.isra.0
                0x0000000008006dd8      0x1a8 zephyr/subsys/net/ip/libsubsys__net__ip.a(tcp.c.obj)
 .text.net_tcp_get
                0x0000000008006f80      0x1d8 zephyr/subsys/net/ip/libsubsys__net__ip.a(tcp.c.obj)
                0x0000000008006f80                net_tcp_get
 .text.net_tcp_accept
                0x0000000008007158       0x88 zephyr/subsys/net/ip/libsubsys__net__ip.a(tcp.c.obj)
                0x0000000008007158                net_tcp_accept
 .text.tcp_out_ext
                0x00000000080071e0      0x1c4 zephyr/subsys/net/ip/libsubsys__net__ip.a(tcp.c.obj)
 .text.tcp_send_zwp
                0x00000000080073a4       0x9c zephyr/subsys/net/ip/libsubsys__net__ip.a(tcp.c.obj)
 .text.net_tcp_put
                0x0000000008007440       0xb8 zephyr/subsys/net/ip/libsubsys__net__ip.a(tcp.c.obj)
                0x0000000008007440                net_tcp_put
 .text.tcp_send_data
                0x00000000080074f8      0x140 zephyr/subsys/net/ip/libsubsys__net__ip.a(tcp.c.obj)
 .text.tcp_resend_data
                0x0000000008007638      0x104 zephyr/subsys/net/ip/libsubsys__net__ip.a(tcp.c.obj)
 .text.net_tcp_update_recv_wnd
                0x000000000800773c       0x48 zephyr/subsys/net/ip/libsubsys__net__ip.a(tcp.c.obj)
                0x000000000800773c                net_tcp_update_recv_wnd
 .text.tcp_data_get
                0x0000000008007784       0xfc zephyr/subsys/net/ip/libsubsys__net__ip.a(tcp.c.obj)
 .text.tcp_send_queued_data.part.0
                0x0000000008007880       0xa4 zephyr/subsys/net/ip/libsubsys__net__ip.a(tcp.c.obj)
 .text.tcp_in   0x0000000008007924      0xc68 zephyr/subsys/net/ip/libsubsys__net__ip.a(tcp.c.obj)
 .text.net_tcp_connect
                0x000000000800858c      0x140 zephyr/subsys/net/ip/libsubsys__net__ip.a(tcp.c.obj)
                0x000000000800858c                net_tcp_connect
 .text.tcp_recv
                0x00000000080086cc      0x1a8 zephyr/subsys/net/ip/libsubsys__net__ip.a(tcp.c.obj)
 .text.net_tcp_init
                0x0000000008008874       0x4c zephyr/subsys/net/ip/libsubsys__net__ip.a(tcp.c.obj)
                0x0000000008008874                net_tcp_init
 .text.publish_decode
                0x00000000080088c0       0x90 zephyr/subsys/net/lib/mqtt/libsubsys__net__lib__mqtt.a(mqtt_decoder.c.obj)
                0x00000000080088c0                publish_decode
 .text.connect_request_encode
                0x0000000008008950      0x104 zephyr/subsys/net/lib/mqtt/libsubsys__net__lib__mqtt.a(mqtt_encoder.c.obj)
                0x0000000008008950                connect_request_encode
 .text.disconnect_encode
                0x0000000008008a54       0x24 zephyr/subsys/net/lib/mqtt/libsubsys__net__lib__mqtt.a(mqtt_encoder.c.obj)
                0x0000000008008a54                disconnect_encode
 .text.ping_request_encode
                0x0000000008008a78       0x24 zephyr/subsys/net/lib/mqtt/libsubsys__net__lib__mqtt.a(mqtt_encoder.c.obj)
                0x0000000008008a78                ping_request_encode
 .text.mqtt_read_message_chunk
                0x0000000008008a9c       0xf0 zephyr/subsys/net/lib/mqtt/libsubsys__net__lib__mqtt.a(mqtt_rx.c.obj)
 .text.mqtt_handle_rx
                0x0000000008008b8c      0x1c8 zephyr/subsys/net/lib/mqtt/libsubsys__net__lib__mqtt.a(mqtt_rx.c.obj)
                0x0000000008008b8c                mqtt_handle_rx
 .text.mqtt_client_tcp_connect
                0x0000000008008d54       0x48 zephyr/subsys/net/lib/mqtt/libsubsys__net__lib__mqtt.a(mqtt_transport_socket_tcp.c.obj)
                0x0000000008008d54                mqtt_client_tcp_connect
 .text.mqtt_client_tcp_write
                0x0000000008008d9c       0x44 zephyr/subsys/net/lib/mqtt/libsubsys__net__lib__mqtt.a(mqtt_transport_socket_tcp.c.obj)
                0x0000000008008d9c                mqtt_client_tcp_write
 .text.mqtt_client_tcp_write_msg
                0x0000000008008de0       0x84 zephyr/subsys/net/lib/mqtt/libsubsys__net__lib__mqtt.a(mqtt_transport_socket_tcp.c.obj)
                0x0000000008008de0                mqtt_client_tcp_write_msg
 .text.mqtt_client_tcp_read
                0x0000000008008e64       0x2c zephyr/subsys/net/lib/mqtt/libsubsys__net__lib__mqtt.a(mqtt_transport_socket_tcp.c.obj)
                0x0000000008008e64                mqtt_client_tcp_read
 .text.mqtt_client_tcp_disconnect
                0x0000000008008e90       0x38 zephyr/subsys/net/lib/mqtt/libsubsys__net__lib__mqtt.a(mqtt_transport_socket_tcp.c.obj)
                0x0000000008008e90                mqtt_client_tcp_disconnect
 .text.mqtt_transport_connect
                0x0000000008008ec8       0x14 zephyr/subsys/net/lib/mqtt/libsubsys__net__lib__mqtt.a(mqtt_transport.c.obj)
                0x0000000008008ec8                mqtt_transport_connect
 .text.mqtt_transport_write
                0x0000000008008edc       0x18 zephyr/subsys/net/lib/mqtt/libsubsys__net__lib__mqtt.a(mqtt_transport.c.obj)
                0x0000000008008edc                mqtt_transport_write
 .text.mqtt_transport_write_msg
                0x0000000008008ef4       0x18 zephyr/subsys/net/lib/mqtt/libsubsys__net__lib__mqtt.a(mqtt_transport.c.obj)
                0x0000000008008ef4                mqtt_transport_write_msg
 .text.mqtt_transport_read
                0x0000000008008f0c       0x1c zephyr/subsys/net/lib/mqtt/libsubsys__net__lib__mqtt.a(mqtt_transport.c.obj)
                0x0000000008008f0c                mqtt_transport_read
 .text.client_disconnect
                0x0000000008008f28       0x3c zephyr/subsys/net/lib/mqtt/libsubsys__net__lib__mqtt.a(mqtt.c.obj)
 .text.client_write
                0x0000000008008f64       0x38 zephyr/subsys/net/lib/mqtt/libsubsys__net__lib__mqtt.a(mqtt.c.obj)
 .text.mqtt_connect
                0x0000000008008f9c       0x9c zephyr/subsys/net/lib/mqtt/libsubsys__net__lib__mqtt.a(mqtt.c.obj)
                0x0000000008008f9c                mqtt_connect
 .text.mqtt_publish
                0x0000000008009038       0xa0 zephyr/subsys/net/lib/mqtt/libsubsys__net__lib__mqtt.a(mqtt.c.obj)
                0x0000000008009038                mqtt_publish
 .text.mqtt_ping
                0x00000000080090d8       0x68 zephyr/subsys/net/lib/mqtt/libsubsys__net__lib__mqtt.a(mqtt.c.obj)
                0x00000000080090d8                mqtt_ping
 .text.stm32_exti_isr
                0x0000000008009140       0x4c zephyr/drivers/interrupt_controller/libdrivers__interrupt_controller.a(intc_exti_stm32.c.obj)
 .text.stm32_fill_irq_table
                0x000000000800918c       0x18 zephyr/drivers/interrupt_controller/libdrivers__interrupt_controller.a(intc_exti_stm32.c.obj)
 .text.stm32_exti_enable
                0x00000000080091a4       0x24 zephyr/drivers/interrupt_controller/libdrivers__interrupt_controller.a(intc_exti_stm32.c.obj)
                0x00000000080091a4                stm32_exti_enable
 .text.stm32_exti_disable
                0x00000000080091c8       0x18 zephyr/drivers/interrupt_controller/libdrivers__interrupt_controller.a(intc_exti_stm32.c.obj)
                0x00000000080091c8                stm32_exti_disable
 .text.stm32_exti_trigger
                0x00000000080091e0       0x60 zephyr/drivers/interrupt_controller/libdrivers__interrupt_controller.a(intc_exti_stm32.c.obj)
                0x00000000080091e0                stm32_exti_trigger
 .text.stm32_exti_set_callback
                0x0000000008009240       0x30 zephyr/drivers/interrupt_controller/libdrivers__interrupt_controller.a(intc_exti_stm32.c.obj)
                0x0000000008009240                stm32_exti_set_callback
 .text.stm32_exti_unset_callback
                0x0000000008009270       0x14 zephyr/drivers/interrupt_controller/libdrivers__interrupt_controller.a(intc_exti_stm32.c.obj)
                0x0000000008009270                stm32_exti_unset_callback
 .text.stm32_clock_control_get_subsys_rate
                0x0000000008009284       0x94 zephyr/drivers/clock_control/libdrivers__clock_control.a(clock_stm32_ll_common.c.obj)
 .text.stm32_clock_control_init
                0x0000000008009318      0x118 zephyr/drivers/clock_control/libdrivers__clock_control.a(clock_stm32_ll_common.c.obj)
                0x0000000008009318                stm32_clock_control_init
 .text.get_pllsrc_frequency
                0x0000000008009430        0x8 zephyr/drivers/clock_control/libdrivers__clock_control.a(clock_stm32f2_f4_f7.c.obj)
                0x0000000008009430                get_pllsrc_frequency
 .text.config_pll_sysclock
                0x0000000008009438       0x34 zephyr/drivers/clock_control/libdrivers__clock_control.a(clock_stm32f2_f4_f7.c.obj)
                0x0000000008009438                config_pll_sysclock
 .text.config_enable_default_clocks
                0x000000000800946c       0x20 zephyr/drivers/clock_control/libdrivers__clock_control.a(clock_stm32f2_f4_f7.c.obj)
                0x000000000800946c                config_enable_default_clocks
 .text.uart_console_init
                0x000000000800948c       0x28 zephyr/drivers/console/libdrivers__console.a(uart_console.c.obj)
 .text.console_out
                0x00000000080094b4       0x28 zephyr/drivers/console/libdrivers__console.a(uart_console.c.obj)
 .text.gpio_stm32_init
                0x00000000080094dc       0x30 zephyr/drivers/gpio/libdrivers__gpio.a(gpio_stm32.c.obj)
 .text.gpio_stm32_pin_interrupt_configure
                0x000000000800950c      0x104 zephyr/drivers/gpio/libdrivers__gpio.a(gpio_stm32.c.obj)
 .text.ppp_driver_init
                0x0000000008009610       0x68 zephyr/drivers/net/libdrivers__net.a(ppp.c.obj)
 .text.ppp_send
                0x0000000008009678      0x1d4 zephyr/drivers/net/libdrivers__net.a(ppp.c.obj)
 .text.ppp_start
                0x000000000800984c       0xf4 zephyr/drivers/net/libdrivers__net.a(ppp.c.obj)
 .text.ppp_save_byte
                0x0000000008009940      0x100 zephyr/drivers/net/libdrivers__net.a(ppp.c.obj)
 .text.ppp_isr_cb_work
                0x0000000008009a40      0x1c4 zephyr/drivers/net/libdrivers__net.a(ppp.c.obj)
 .text.ppp_uart_isr
                0x0000000008009c04       0x78 zephyr/drivers/net/libdrivers__net.a(ppp.c.obj)
 .text.pinctrl_configure_pins
                0x0000000008009c7c       0x84 zephyr/drivers/pinctrl/libdrivers__pinctrl.a(pinctrl_stm32.c.obj)
                0x0000000008009c7c                pinctrl_configure_pins
 .text.uart_stm32_irq_err_enable
                0x0000000008009d00       0x74 zephyr/drivers/serial/libdrivers__serial.a(uart_stm32.c.obj)
 .text.uart_stm32_irq_err_disable
                0x0000000008009d74       0x74 zephyr/drivers/serial/libdrivers__serial.a(uart_stm32.c.obj)
 .text.uart_stm32_set_baudrate.part.0
                0x0000000008009de8       0x14 zephyr/drivers/serial/libdrivers__serial.a(uart_stm32.c.obj)
 .text.uart_stm32_parameters_set
                0x0000000008009dfc       0xf8 zephyr/drivers/serial/libdrivers__serial.a(uart_stm32.c.obj)
 .text.uart_stm32_init
                0x0000000008009ef4       0xe4 zephyr/drivers/serial/libdrivers__serial.a(uart_stm32.c.obj)
 .text.uart_stm32_configure
                0x0000000008009fd8      0x154 zephyr/drivers/serial/libdrivers__serial.a(uart_stm32.c.obj)
 .text.elapsed  0x000000000800a12c       0x4c zephyr/drivers/timer/libdrivers__timer.a(cortex_m_systick.c.obj)
 .text.sys_clock_driver_init
                0x000000000800a178       0x38 zephyr/drivers/timer/libdrivers__timer.a(cortex_m_systick.c.obj)
 .text.sys_clock_isr
                0x000000000800a1b0       0x54 zephyr/drivers/timer/libdrivers__timer.a(cortex_m_systick.c.obj)
                0x000000000800a1b0                sys_clock_isr
 .text.sys_clock_set_timeout
                0x000000000800a204       0xfc zephyr/drivers/timer/libdrivers__timer.a(cortex_m_systick.c.obj)
                0x000000000800a204                sys_clock_set_timeout
 .text.sys_clock_elapsed
                0x000000000800a300       0x3c zephyr/drivers/timer/libdrivers__timer.a(cortex_m_systick.c.obj)
                0x000000000800a300                sys_clock_elapsed
 .text.sys_clock_cycle_get_32
                0x000000000800a33c       0x2c zephyr/drivers/timer/libdrivers__timer.a(cortex_m_systick.c.obj)
                0x000000000800a33c                sys_clock_cycle_get_32
 .text.HAL_RCC_GetSysClockFreq
                0x000000000800a368       0x90 modules/stm32/stm32cube/lib..__modules__hal__stm32__stm32cube.a(stm32f4xx_hal_rcc_ex.c.obj)
                0x000000000800a368                HAL_RCC_GetSysClockFreq
 .text.LL_SetFlashLatency
                0x000000000800a3f8      0x1a8 modules/stm32/stm32cube/lib..__modules__hal__stm32__stm32cube.a(stm32f4xx_ll_utils.c.obj)
                0x000000000800a3f8                LL_SetFlashLatency
 .text.k_sys_fatal_error_handler
                0x000000000800a5a0       0x20 zephyr/kernel/libkernel.a(fatal.c.obj)
                0x000000000800a5a0                k_sys_fatal_error_handler
 .text.z_fatal_error
                0x000000000800a5c0       0xe8 zephyr/kernel/libkernel.a(fatal.c.obj)
                0x000000000800a5c0                z_fatal_error
 .text.z_sys_init_run_level
                0x000000000800a6a8       0x48 zephyr/kernel/libkernel.a(init.c.obj)
 .text.bg_thread_main
                0x000000000800a6f0       0x34 zephyr/kernel/libkernel.a(init.c.obj)
 .text.z_bss_zero
                0x000000000800a724       0x18 zephyr/kernel/libkernel.a(init.c.obj)
                0x000000000800a724                z_bss_zero
 .text.z_init_cpu
                0x000000000800a73c       0x8c zephyr/kernel/libkernel.a(init.c.obj)
                0x000000000800a73c                z_init_cpu
 .text.z_cstart
                0x000000000800a7c8       0xdc zephyr/kernel/libkernel.a(init.c.obj)
                0x000000000800a7c8                z_cstart
 .text.statics_init
                0x000000000800a8a4       0x24 zephyr/kernel/libkernel.a(kheap.c.obj)
 .text.init_mem_slab_obj_core_list
                0x000000000800a8c8       0x24 zephyr/kernel/libkernel.a(mem_slab.c.obj)
 .text.k_mem_slab_alloc
                0x000000000800a8ec       0x5c zephyr/kernel/libkernel.a(mem_slab.c.obj)
                0x000000000800a8ec                k_mem_slab_alloc
 .text.z_setup_new_thread
                0x000000000800a948       0x80 zephyr/kernel/libkernel.a(thread.c.obj)
                0x000000000800a948                z_setup_new_thread
 .text.z_impl_k_thread_create
                0x000000000800a9c8       0x58 zephyr/kernel/libkernel.a(thread.c.obj)
                0x000000000800a9c8                z_impl_k_thread_create
 .text.z_init_static_threads
                0x000000000800aa20       0x98 zephyr/kernel/libkernel.a(thread.c.obj)
                0x000000000800aa20                z_init_static_threads
 .text.z_impl_k_msgq_put
                0x000000000800aab8       0xac zephyr/kernel/libkernel.a(msg_q.c.obj)
                0x000000000800aab8                z_impl_k_msgq_put
 .text.z_impl_k_msgq_get
                0x000000000800ab64       0xb4 zephyr/kernel/libkernel.a(msg_q.c.obj)
                0x000000000800ab64                z_impl_k_msgq_get
 .text.z_impl_k_mutex_lock
                0x000000000800ac18       0xf4 zephyr/kernel/libkernel.a(mutex.c.obj)
                0x000000000800ac18                z_impl_k_mutex_lock
 .text.z_impl_k_mutex_unlock
                0x000000000800ad0c       0x78 zephyr/kernel/libkernel.a(mutex.c.obj)
                0x000000000800ad0c                z_impl_k_mutex_unlock
 .text.z_impl_k_queue_get
                0x000000000800ad84       0x68 zephyr/kernel/libkernel.a(queue.c.obj)
                0x000000000800ad84                z_impl_k_queue_get
 .text.z_impl_k_sem_give
                0x000000000800adec       0x4c zephyr/kernel/libkernel.a(sem.c.obj)
                0x000000000800adec                z_impl_k_sem_give
 .text.z_impl_k_sem_take
                0x000000000800ae38       0x50 zephyr/kernel/libkernel.a(sem.c.obj)
                0x000000000800ae38                z_impl_k_sem_take
 .text.z_impl_k_sem_reset
                0x000000000800ae88       0x44 zephyr/kernel/libkernel.a(sem.c.obj)
                0x000000000800ae88                z_impl_k_sem_reset
 .text.work_queue_main
                0x000000000800aecc      0x138 zephyr/kernel/libkernel.a(work.c.obj)
 .text.submit_to_queue_locked
                0x000000000800b004       0xb4 zephyr/kernel/libkernel.a(work.c.obj)
 .text.k_work_queue_start
                0x000000000800b0b8       0x70 zephyr/kernel/libkernel.a(work.c.obj)
                0x000000000800b0b8                k_work_queue_start
 .text.k_work_schedule_for_queue
                0x000000000800b128       0x54 zephyr/kernel/libkernel.a(work.c.obj)
                0x000000000800b128                k_work_schedule_for_queue
 .text.k_work_reschedule_for_queue
                0x000000000800b17c       0x5c zephyr/kernel/libkernel.a(work.c.obj)
                0x000000000800b17c                k_work_reschedule_for_queue
 .text.k_work_reschedule
                0x000000000800b1d8        0xc zephyr/kernel/libkernel.a(work.c.obj)
                0x000000000800b1d8                k_work_reschedule
 .text.sliceable
                0x000000000800b1e4       0x3c zephyr/kernel/libkernel.a(sched.c.obj)
 .text.slice_timeout
                0x000000000800b220       0x20 zephyr/kernel/libkernel.a(sched.c.obj)
 .text.z_reset_time_slice
                0x000000000800b240       0x50 zephyr/kernel/libkernel.a(sched.c.obj)
                0x000000000800b240                z_reset_time_slice
 .text.update_cache
                0x000000000800b290       0x3c zephyr/kernel/libkernel.a(sched.c.obj)
 .text.move_thread_to_end_of_prio_q
                0x000000000800b2cc       0x74 zephyr/kernel/libkernel.a(sched.c.obj)
 .text.ready_thread
                0x000000000800b340       0x68 zephyr/kernel/libkernel.a(sched.c.obj)
 .text.unready_thread
                0x000000000800b3a8       0x30 zephyr/kernel/libkernel.a(sched.c.obj)
 .text.pend_locked
                0x000000000800b3d8       0x30 zephyr/kernel/libkernel.a(sched.c.obj)
 .text.z_thread_halt
                0x000000000800b408       0xa0 zephyr/kernel/libkernel.a(sched.c.obj)
 .text.z_time_slice
                0x000000000800b4a8       0x60 zephyr/kernel/libkernel.a(sched.c.obj)
                0x000000000800b4a8                z_time_slice
 .text.z_pend_curr
                0x000000000800b508       0x3c zephyr/kernel/libkernel.a(sched.c.obj)
                0x000000000800b508                z_pend_curr
 .text.z_set_prio
                0x000000000800b544       0x8c zephyr/kernel/libkernel.a(sched.c.obj)
                0x000000000800b544                z_set_prio
 .text.z_reschedule
                0x000000000800b5d0       0x24 zephyr/kernel/libkernel.a(sched.c.obj)
                0x000000000800b5d0                z_reschedule
 .text.z_sched_start
                0x000000000800b5f4       0x3c zephyr/kernel/libkernel.a(sched.c.obj)
                0x000000000800b5f4                z_sched_start
 .text.k_sched_lock
                0x000000000800b630       0x28 zephyr/kernel/libkernel.a(sched.c.obj)
                0x000000000800b630                k_sched_lock
 .text.k_sched_unlock
                0x000000000800b658       0x38 zephyr/kernel/libkernel.a(sched.c.obj)
                0x000000000800b658                k_sched_unlock
 .text.z_sched_init
                0x000000000800b690       0x10 zephyr/kernel/libkernel.a(sched.c.obj)
                0x000000000800b690                z_sched_init
 .text.z_impl_k_yield
                0x000000000800b6a0       0x7c zephyr/kernel/libkernel.a(sched.c.obj)
                0x000000000800b6a0                z_impl_k_yield
 .text.z_tick_sleep
                0x000000000800b71c       0x88 zephyr/kernel/libkernel.a(sched.c.obj)
 .text.z_impl_k_sleep
                0x000000000800b7a4       0x30 zephyr/kernel/libkernel.a(sched.c.obj)
                0x000000000800b7a4                z_impl_k_sleep
 .text.z_impl_k_sched_current_thread_query
                0x000000000800b7d4        0xc zephyr/kernel/libkernel.a(sched.c.obj)
                0x000000000800b7d4                z_impl_k_sched_current_thread_query
 .text.z_sched_wait
                0x000000000800b7e0       0x24 zephyr/kernel/libkernel.a(sched.c.obj)
                0x000000000800b7e0                z_sched_wait
 .text.z_impl_k_condvar_signal
                0x000000000800b804       0x3c zephyr/kernel/libkernel.a(condvar.c.obj)
                0x000000000800b804                z_impl_k_condvar_signal
 .text.z_impl_k_condvar_wait
                0x000000000800b840       0x4c zephyr/kernel/libkernel.a(condvar.c.obj)
                0x000000000800b840                z_impl_k_condvar_wait
 .text.z_data_copy
                0x000000000800b88c       0x34 zephyr/kernel/libkernel.a(xip.c.obj)
                0x000000000800b88c                z_data_copy
 .text.elapsed  0x000000000800b8c0       0x14 zephyr/kernel/libkernel.a(timeout.c.obj)
 .text.next_timeout
                0x000000000800b8d4       0x40 zephyr/kernel/libkernel.a(timeout.c.obj)
 .text.remove_timeout
                0x000000000800b914       0x38 zephyr/kernel/libkernel.a(timeout.c.obj)
 .text.timeout_rem
                0x000000000800b94c       0x48 zephyr/kernel/libkernel.a(timeout.c.obj)
 .text.z_add_timeout
                0x000000000800b994       0xec zephyr/kernel/libkernel.a(timeout.c.obj)
                0x000000000800b994                z_add_timeout
 .text.sys_clock_announce
                0x000000000800ba80       0xd4 zephyr/kernel/libkernel.a(timeout.c.obj)
                0x000000000800ba80                sys_clock_announce
 .text.sys_clock_tick_get
                0x000000000800bb54       0x34 zephyr/kernel/libkernel.a(timeout.c.obj)
                0x000000000800bb54                sys_clock_tick_get
 .text.z_timer_expiration_handler
                0x000000000800bb88       0xe4 zephyr/kernel/libkernel.a(timer.c.obj)
                0x000000000800bb88                z_timer_expiration_handler
 .text.z_impl_k_timer_start
                0x000000000800bc6c       0x74 zephyr/kernel/libkernel.a(timer.c.obj)
                0x000000000800bc6c                z_impl_k_timer_start
 .text.z_impl_k_poll
                0x000000000800bce0       0xb8 zephyr/kernel/libkernel.a(poll.c.obj)
                0x000000000800bce0                z_impl_k_poll
 .text.z_thread_aligned_alloc
                0x000000000800bd98       0x40 zephyr/kernel/libkernel.a(mempool.c.obj)
                0x000000000800bd98                z_thread_aligned_alloc
 .text.boot_banner
                0x000000000800bdd8        0xc zephyr/kernel/libkernel.a(banner.c.obj)
                0x000000000800bdd8                boot_banner
 .text.k_sys_work_q_init
                0x000000000800bde4       0x34 zephyr/kernel/libkernel.a(system_work_q.c.obj)
 .text.snprintf
                0x000000000800be18       0x58 /home/bryan/zephyr-sdk-0.16.3/arm-zephyr-eabi/bin/../lib/gcc/../../picolibc/arm-zephyr-eabi/lib/thumb/v7e-m/nofp/libc.a(libc_tinystdio_snprintf.c.o)
                0x000000000800be18                snprintf
 .text.strtol   0x000000000800be70       0xe0 /home/bryan/zephyr-sdk-0.16.3/arm-zephyr-eabi/bin/../lib/gcc/../../picolibc/arm-zephyr-eabi/lib/thumb/v7e-m/nofp/libc.a(libc_tinystdio_strtol.c.o)
                0x000000000800be70                strtol
 .text.__i_vfprintf
                0x000000000800bf50      0x490 /home/bryan/zephyr-sdk-0.16.3/arm-zephyr-eabi/bin/../lib/gcc/../../picolibc/arm-zephyr-eabi/lib/thumb/v7e-m/nofp/libc.a(libc_tinystdio_vfiprintf.c.o)
                0x000000000800bf50                __i_vfprintf
 .text._OffsetAbsSyms
                0x000000000800c3e0        0x2 zephyr/CMakeFiles/offsets.dir/./arch/arm/core/offsets/offsets.c.obj
                0x000000000800c3e0                _OffsetAbsSyms
 .text.z_log_msg_simple_create_1
                0x000000000800c3e2        0x4 app/libapp.a(main.c.obj)
 .text.crc16_ccitt
                0x000000000800c3e6       0x26 zephyr/libzephyr.a(crc16_sw.c.obj)
                0x000000000800c3e6                crc16_ccitt
 .text.cbpprintf_external
                0x000000000800c40c       0x62 zephyr/libzephyr.a(cbprintf_packaged.c.obj)
                0x000000000800c40c                cbpprintf_external
 .text.is_ptr   0x000000000800c46e       0x4a zephyr/libzephyr.a(cbprintf_packaged.c.obj)
                0x000000000800c46e                is_ptr
 .text.arch_printk_char_out
                0x000000000800c4b8        0x4 zephyr/libzephyr.a(printk.c.obj)
                0x000000000800c4b8                arch_printk_char_out
 .text.printk   0x000000000800c4bc       0x1a zephyr/libzephyr.a(printk.c.obj)
                0x000000000800c4bc                printk
 .text.chunk_size
                0x000000000800c4d6        0xa zephyr/libzephyr.a(heap.c.obj)
 .text.free_list_add
                0x000000000800c4e0       0x4e zephyr/libzephyr.a(heap.c.obj)
 .text.free_list_remove_bidx
                0x000000000800c52e       0x3a zephyr/libzephyr.a(heap.c.obj)
 .text.free_list_remove
                0x000000000800c568       0x1a zephyr/libzephyr.a(heap.c.obj)
 .text.alloc_chunk
                0x000000000800c582       0x6e zephyr/libzephyr.a(heap.c.obj)
 .text.merge_chunks
                0x000000000800c5f0       0x2c zephyr/libzephyr.a(heap.c.obj)
 .text.split_chunks
                0x000000000800c61c       0x34 zephyr/libzephyr.a(heap.c.obj)
 .text.free_chunk
                0x000000000800c650       0x62 zephyr/libzephyr.a(heap.c.obj)
 .text.sys_heap_free
                0x000000000800c6b2       0x1e zephyr/libzephyr.a(heap.c.obj)
                0x000000000800c6b2                sys_heap_free
 .text.sys_heap_alloc
                0x000000000800c6d0       0x52 zephyr/libzephyr.a(heap.c.obj)
                0x000000000800c6d0                sys_heap_alloc
 .text.sys_heap_aligned_alloc
                0x000000000800c722       0xd0 zephyr/libzephyr.a(heap.c.obj)
                0x000000000800c722                sys_heap_aligned_alloc
 .text.sys_heap_init
                0x000000000800c7f2       0x7a zephyr/libzephyr.a(heap.c.obj)
                0x000000000800c7f2                sys_heap_init
 .text.z_fdtable_call_ioctl.constprop.0
                0x000000000800c86c       0x1e zephyr/libzephyr.a(fdtable.c.obj)
 .text.ring_buf_put_claim
                0x000000000800c88a       0x3e zephyr/libzephyr.a(ring_buffer.c.obj)
                0x000000000800c88a                ring_buf_put_claim
 .text.ring_buf_put_finish
                0x000000000800c8c8       0x2a zephyr/libzephyr.a(ring_buffer.c.obj)
                0x000000000800c8c8                ring_buf_put_finish
 .text.ring_buf_put
                0x000000000800c8f2       0x3e zephyr/libzephyr.a(ring_buffer.c.obj)
                0x000000000800c8f2                ring_buf_put
 .text.ring_buf_get_claim
                0x000000000800c930       0x40 zephyr/libzephyr.a(ring_buffer.c.obj)
                0x000000000800c930                ring_buf_get_claim
 .text.ring_buf_get_finish
                0x000000000800c970       0x2a zephyr/libzephyr.a(ring_buffer.c.obj)
                0x000000000800c970                ring_buf_get_finish
 .text.free_space
                0x000000000800c99a       0x26 zephyr/libzephyr.a(mpsc_pbuf.c.obj)
 .text.get_usage
                0x000000000800c9c0       0x22 zephyr/libzephyr.a(mpsc_pbuf.c.obj)
 .text.idx_inc  0x000000000800c9e2       0x1c zephyr/libzephyr.a(mpsc_pbuf.c.obj)
 .text.rd_idx_inc
                0x000000000800c9fe       0x18 zephyr/libzephyr.a(mpsc_pbuf.c.obj)
 .text.add_skip_item
                0x000000000800ca16       0x3a zephyr/libzephyr.a(mpsc_pbuf.c.obj)
 .text.drop_item_locked
                0x000000000800ca50       0xee zephyr/libzephyr.a(mpsc_pbuf.c.obj)
 .text.post_drop_action
                0x000000000800cb3e       0x36 zephyr/libzephyr.a(mpsc_pbuf.c.obj)
 .text.max_utilization_update
                0x000000000800cb74       0x1a zephyr/libzephyr.a(mpsc_pbuf.c.obj)
 .text.mpsc_pbuf_init
                0x000000000800cb8e       0x42 zephyr/libzephyr.a(mpsc_pbuf.c.obj)
                0x000000000800cb8e                mpsc_pbuf_init
 .text.mpsc_pbuf_alloc
                0x000000000800cbd0       0xfc zephyr/libzephyr.a(mpsc_pbuf.c.obj)
                0x000000000800cbd0                mpsc_pbuf_alloc
 .text.mpsc_pbuf_commit
                0x000000000800cccc       0x40 zephyr/libzephyr.a(mpsc_pbuf.c.obj)
                0x000000000800cccc                mpsc_pbuf_commit
 .text.mpsc_pbuf_claim
                0x000000000800cd0c       0xa4 zephyr/libzephyr.a(mpsc_pbuf.c.obj)
                0x000000000800cd0c                mpsc_pbuf_claim
 .text.mpsc_pbuf_free
                0x000000000800cdb0       0x78 zephyr/libzephyr.a(mpsc_pbuf.c.obj)
                0x000000000800cdb0                mpsc_pbuf_free
 .text.mpsc_pbuf_is_pending
                0x000000000800ce28       0x1a zephyr/libzephyr.a(mpsc_pbuf.c.obj)
                0x000000000800ce28                mpsc_pbuf_is_pending
 .text._ConfigAbsSyms
                0x000000000800ce42        0x2 zephyr/libzephyr.a(configs.c.obj)
                0x000000000800ce42                _ConfigAbsSyms
 .text.log_msg_generic_get_wlen
                0x000000000800ce44       0x20 zephyr/libzephyr.a(log_core.c.obj)
 .text.dummy_timestamp
                0x000000000800ce64        0x4 zephyr/libzephyr.a(log_core.c.obj)
 .text.atomic_inc
                0x000000000800ce68       0x1a zephyr/libzephyr.a(log_core.c.obj)
 .text.default_lf_get_timestamp
                0x000000000800ce82       0x10 zephyr/libzephyr.a(log_core.c.obj)
 .text.z_log_vprintk
                0x000000000800ce92       0x1c zephyr/libzephyr.a(log_core.c.obj)
                0x000000000800ce92                z_log_vprintk
 .text.z_log_notify_drop
                0x000000000800ceae        0x6 zephyr/libzephyr.a(log_core.c.obj)
 .text.z_log_get_tag
                0x000000000800ceb4        0x4 zephyr/libzephyr.a(log_core.c.obj)
                0x000000000800ceb4                z_log_get_tag
 .text.z_cbprintf_cpy
                0x000000000800ceb8       0x2c zephyr/libzephyr.a(log_msg.c.obj)
 .text.z_log_msg_finalize
                0x000000000800cee4       0x32 zephyr/libzephyr.a(log_msg.c.obj)
                0x000000000800cee4                z_log_msg_finalize
 .text.z_log_msg_simple_create
                0x000000000800cf16       0x6e zephyr/libzephyr.a(log_msg.c.obj)
 .text.z_impl_z_log_msg_simple_create_0
                0x000000000800cf84       0x12 zephyr/libzephyr.a(log_msg.c.obj)
                0x000000000800cf84                z_impl_z_log_msg_simple_create_0
 .text.z_impl_z_log_msg_simple_create_1
                0x000000000800cf96       0x14 zephyr/libzephyr.a(log_msg.c.obj)
                0x000000000800cf96                z_impl_z_log_msg_simple_create_1
 .text.z_impl_z_log_msg_simple_create_2
                0x000000000800cfaa       0x18 zephyr/libzephyr.a(log_msg.c.obj)
                0x000000000800cfaa                z_impl_z_log_msg_simple_create_2
 .text.buffer_write
                0x000000000800cfc2       0x1a zephyr/libzephyr.a(log_output.c.obj)
 .text.log_output_flush
                0x000000000800cfdc       0x1a zephyr/libzephyr.a(log_output.c.obj)
                0x000000000800cfdc                log_output_flush
 .text.out_func
                0x000000000800cff6       0x36 zephyr/libzephyr.a(log_output.c.obj)
 .text.cr_out_func
                0x000000000800d02c       0x1c zephyr/libzephyr.a(log_output.c.obj)
 .text.log_backend_uart_init
                0x000000000800d048        0x2 zephyr/libzephyr.a(log_backend_uart.c.obj)
 .text.inet_is_supported
                0x000000000800d04a        0xc zephyr/libzephyr.a(sockets.c.obj)
 .text.z_fdtable_call_ioctl
                0x000000000800d056       0x1e zephyr/libzephyr.a(sockets.c.obj)
 .text.zsock_connected_cb
                0x000000000800d074       0x12 zephyr/libzephyr.a(sockets.c.obj)
 .text.get_sock_vtable
                0x000000000800d086       0x16 zephyr/libzephyr.a(sockets.c.obj)
 .text.k_mutex_lock.constprop.0.isra.0
                0x000000000800d09c        0x4 zephyr/libzephyr.a(sockets.c.obj)
 .text.k_mutex_unlock.isra.0
                0x000000000800d0a0        0x4 zephyr/libzephyr.a(sockets.c.obj)
 .text.net_context_get_iface.isra.0
                0x000000000800d0a4        0x4 zephyr/libzephyr.a(sockets.c.obj)
 .text.zsock_received_cb
                0x000000000800d0a8       0x82 zephyr/libzephyr.a(sockets.c.obj)
 .text.zsock_flush_queue
                0x000000000800d12a       0x3e zephyr/libzephyr.a(sockets.c.obj)
 .text.zsock_recv_stream_immediate
                0x000000000800d168       0xf8 zephyr/libzephyr.a(sockets.c.obj)
 .text.sock_close_vmeth
                0x000000000800d260        0x4 zephyr/libzephyr.a(sockets.c.obj)
 .text.sock_shutdown_vmeth
                0x000000000800d264        0x4 zephyr/libzephyr.a(sockets.c.obj)
 .text.sock_bind_vmeth
                0x000000000800d268        0x4 zephyr/libzephyr.a(sockets.c.obj)
 .text.sock_connect_vmeth
                0x000000000800d26c        0x4 zephyr/libzephyr.a(sockets.c.obj)
 .text.sock_listen_vmeth
                0x000000000800d270        0x4 zephyr/libzephyr.a(sockets.c.obj)
 .text.sock_sendto_vmeth
                0x000000000800d274        0x4 zephyr/libzephyr.a(sockets.c.obj)
 .text.sock_write_vmeth
                0x000000000800d278       0x12 zephyr/libzephyr.a(sockets.c.obj)
 .text.sock_sendmsg_vmeth
                0x000000000800d28a        0x4 zephyr/libzephyr.a(sockets.c.obj)
 .text.sock_accept_vmeth
                0x000000000800d28e        0x4 zephyr/libzephyr.a(sockets.c.obj)
 .text.sock_recvfrom_vmeth
                0x000000000800d292        0x4 zephyr/libzephyr.a(sockets.c.obj)
 .text.sock_read_vmeth
                0x000000000800d296       0x12 zephyr/libzephyr.a(sockets.c.obj)
 .text.z_impl_zsock_poll
                0x000000000800d2a8       0x14 zephyr/libzephyr.a(sockets.c.obj)
                0x000000000800d2a8                z_impl_zsock_poll
 .text.z_impl_zsock_inet_pton
                0x000000000800d2bc        0xe zephyr/libzephyr.a(sockets.c.obj)
                0x000000000800d2bc                z_impl_zsock_inet_pton
 .text.sock_getsockopt_vmeth
                0x000000000800d2ca        0x4 zephyr/libzephyr.a(sockets.c.obj)
 .text.sock_setsockopt_vmeth
                0x000000000800d2ce        0x4 zephyr/libzephyr.a(sockets.c.obj)
 .text.sock_getpeername_vmeth
                0x000000000800d2d2        0x4 zephyr/libzephyr.a(sockets.c.obj)
 .text.sock_getsockname_vmeth
                0x000000000800d2d6        0x4 zephyr/libzephyr.a(sockets.c.obj)
 .text.z_do_kernel_oops
                0x000000000800d2da        0x8 zephyr/arch/arch/arm/core/libarch__arm__core.a(fatal.c.obj)
                0x000000000800d2da                z_do_kernel_oops
 .text.z_arm_nmi
                0x000000000800d2e2        0xe zephyr/arch/arch/arm/core/libarch__arm__core.a(nmi.c.obj)
                0x000000000800d2e2                z_arm_nmi
 .text.z_log_msg_simple_create_0.constprop.0
                0x000000000800d2f0        0x8 zephyr/arch/arch/arm/core/cortex_m/libarch__arm__core__cortex_m.a(fault.c.obj)
 .text.z_irq_spurious
                0x000000000800d2f8        0x8 zephyr/arch/arch/arm/core/cortex_m/libarch__arm__core__cortex_m.a(irq_manage.c.obj)
                0x000000000800d2f8                z_irq_spurious
 .text.size_to_mpu_rasr_size
                0x000000000800d300       0x20 zephyr/arch/arch/arm/core/mpu/libarch__arm__core__mpu.a(arm_mpu.c.obj)
 .text.cbputc   0x000000000800d320        0xc zephyr/lib/libc/picolibc/liblib__libc__picolibc.a(libc-hooks.c.obj)
 .text.picolibc_put
                0x000000000800d32c        0xa zephyr/lib/libc/picolibc/liblib__libc__picolibc.a(libc-hooks.c.obj)
 .text.fixed_data_unref
                0x000000000800d336        0x2 zephyr/subsys/net/libsubsys__net.a(buf.c.obj)
 .text.net_buf_alloc_fixed
                0x000000000800d338        0xa zephyr/subsys/net/libsubsys__net.a(buf.c.obj)
                0x000000000800d338                net_buf_alloc_fixed
 .text.net_buf_frag_last
                0x000000000800d342        0xc zephyr/subsys/net/libsubsys__net.a(buf.c.obj)
                0x000000000800d342                net_buf_frag_last
 .text.net_buf_frag_insert
                0x000000000800d34e       0x16 zephyr/subsys/net/libsubsys__net.a(buf.c.obj)
                0x000000000800d34e                net_buf_frag_insert
 .text.net_buf_frag_add
                0x000000000800d364       0x22 zephyr/subsys/net/libsubsys__net.a(buf.c.obj)
                0x000000000800d364                net_buf_frag_add
 .text.net_buf_linearize
                0x000000000800d386       0x56 zephyr/subsys/net/libsubsys__net.a(buf.c.obj)
                0x000000000800d386                net_buf_linearize
 .text.net_buf_simple_add
                0x000000000800d3dc        0xc zephyr/subsys/net/libsubsys__net.a(buf_simple.c.obj)
                0x000000000800d3dc                net_buf_simple_add
 .text.net_buf_simple_pull
                0x000000000800d3e8       0x10 zephyr/subsys/net/libsubsys__net.a(buf_simple.c.obj)
                0x000000000800d3e8                net_buf_simple_pull
 .text.net_buf_simple_pull_be16
                0x000000000800d3f8       0x14 zephyr/subsys/net/libsubsys__net.a(buf_simple.c.obj)
                0x000000000800d3f8                net_buf_simple_pull_be16
 .text.net_buf_simple_max_len
                0x000000000800d40c        0xe zephyr/subsys/net/libsubsys__net.a(buf_simple.c.obj)
                0x000000000800d40c                net_buf_simple_max_len
 .text.ppp_flags
                0x000000000800d41a        0xa zephyr/subsys/net/l2/ppp/libsubsys__net__l2__ppp.a(ppp_l2.c.obj)
 .text.ppp_enable
                0x000000000800d424       0x32 zephyr/subsys/net/l2/ppp/libsubsys__net__l2__ppp.a(ppp_l2.c.obj)
 .text.ppp_send
                0x000000000800d456       0x42 zephyr/subsys/net/l2/ppp/libsubsys__net__l2__ppp.a(ppp_l2.c.obj)
 .text.fsm_down
                0x000000000800d498       0x1c zephyr/subsys/net/l2/ppp/libsubsys__net__l2__ppp.a(fsm.c.obj)
 .text.net_pkt_write_be32
                0x000000000800d4b4       0x16 zephyr/subsys/net/l2/ppp/libsubsys__net__l2__ppp.a(fsm.c.obj)
 .text.ppp_fsm_ctx
                0x000000000800d4ca       0x20 zephyr/subsys/net/l2/ppp/libsubsys__net__l2__ppp.a(fsm.c.obj)
                0x000000000800d4ca                ppp_fsm_ctx
 .text.ppp_fsm_iface
                0x000000000800d4ea        0xc zephyr/subsys/net/l2/ppp/libsubsys__net__l2__ppp.a(fsm.c.obj)
                0x000000000800d4ea                ppp_fsm_iface
 .text.ppp_fsm_lower_down
                0x000000000800d4f6       0x5e zephyr/subsys/net/l2/ppp/libsubsys__net__l2__ppp.a(fsm.c.obj)
                0x000000000800d4f6                ppp_fsm_lower_down
 .text.fsm_send_configure_req
                0x000000000800d554       0x8c zephyr/subsys/net/l2/ppp/libsubsys__net__l2__ppp.a(fsm.c.obj)
 .text.ppp_fsm_lower_up
                0x000000000800d5e0       0x26 zephyr/subsys/net/l2/ppp/libsubsys__net__l2__ppp.a(fsm.c.obj)
                0x000000000800d5e0                ppp_fsm_lower_up
 .text.ppp_fsm_open
                0x000000000800d606       0x5c zephyr/subsys/net/l2/ppp/libsubsys__net__l2__ppp.a(fsm.c.obj)
                0x000000000800d606                ppp_fsm_open
 .text.ppp_fsm_timeout
                0x000000000800d662       0xa8 zephyr/subsys/net/l2/ppp/libsubsys__net__l2__ppp.a(fsm.c.obj)
 .text.terminate
                0x000000000800d70a       0x84 zephyr/subsys/net/l2/ppp/libsubsys__net__l2__ppp.a(fsm.c.obj)
 .text.ppp_fsm_close
                0x000000000800d78e       0x58 zephyr/subsys/net/l2/ppp/libsubsys__net__l2__ppp.a(fsm.c.obj)
                0x000000000800d78e                ppp_fsm_close
 .text.fsm_recv_configure_nack_rej
                0x000000000800d7e6       0xc2 zephyr/subsys/net/l2/ppp/libsubsys__net__l2__ppp.a(fsm.c.obj)
 .text.ppp_fsm_recv_protocol_rej
                0x000000000800d8a8        0x4 zephyr/subsys/net/l2/ppp/libsubsys__net__l2__ppp.a(fsm.c.obj)
                0x000000000800d8a8                ppp_fsm_recv_protocol_rej
 .text.ppp_fsm_recv_echo_req
                0x000000000800d8ac       0x1a zephyr/subsys/net/l2/ppp/libsubsys__net__l2__ppp.a(fsm.c.obj)
                0x000000000800d8ac                ppp_fsm_recv_echo_req
 .text.ppp_fsm_recv_echo_reply
                0x000000000800d8c6        0x4 zephyr/subsys/net/l2/ppp/libsubsys__net__l2__ppp.a(fsm.c.obj)
                0x000000000800d8c6                ppp_fsm_recv_echo_reply
 .text.ppp_fsm_recv_discard_req
                0x000000000800d8ca        0x4 zephyr/subsys/net/l2/ppp/libsubsys__net__l2__ppp.a(fsm.c.obj)
                0x000000000800d8ca                ppp_fsm_recv_discard_req
 .text.ppp_send_proto_rej
                0x000000000800d8ce       0x3e zephyr/subsys/net/l2/ppp/libsubsys__net__l2__ppp.a(fsm.c.obj)
                0x000000000800d8ce                ppp_send_proto_rej
 .text.lcp_close
                0x000000000800d90c       0x20 zephyr/subsys/net/l2/ppp/libsubsys__net__l2__ppp.a(lcp.c.obj)
 .text.lcp_open
                0x000000000800d92c        0x6 zephyr/subsys/net/l2/ppp/libsubsys__net__l2__ppp.a(lcp.c.obj)
 .text.lcp_lower_down
                0x000000000800d932        0x6 zephyr/subsys/net/l2/ppp/libsubsys__net__l2__ppp.a(lcp.c.obj)
 .text.lcp_lower_up
                0x000000000800d938        0x6 zephyr/subsys/net/l2/ppp/libsubsys__net__l2__ppp.a(lcp.c.obj)
 .text.lcp_handle
                0x000000000800d93e        0xa zephyr/subsys/net/l2/ppp/libsubsys__net__l2__ppp.a(lcp.c.obj)
 .text.lcp_handle_ext
                0x000000000800d948       0x36 zephyr/subsys/net/l2/ppp/libsubsys__net__l2__ppp.a(lcp.c.obj)
 .text.lcp_finished
                0x000000000800d97e        0x6 zephyr/subsys/net/l2/ppp/libsubsys__net__l2__ppp.a(lcp.c.obj)
 .text.lcp_starting
                0x000000000800d984        0x6 zephyr/subsys/net/l2/ppp/libsubsys__net__l2__ppp.a(lcp.c.obj)
 .text.lcp_up   0x000000000800d98a        0x8 zephyr/subsys/net/l2/ppp/libsubsys__net__l2__ppp.a(lcp.c.obj)
 .text.lcp_down
                0x000000000800d992       0x38 zephyr/subsys/net/l2/ppp/libsubsys__net__l2__ppp.a(lcp.c.obj)
 .text.ppp_parse_option_conf_req_supported
                0x000000000800d9ca       0x50 zephyr/subsys/net/l2/ppp/libsubsys__net__l2__ppp.a(options.c.obj)
 .text.ppp_my_option_parse_conf_nak
                0x000000000800da1a        0x4 zephyr/subsys/net/l2/ppp/libsubsys__net__l2__ppp.a(options.c.obj)
 .text.ppp_my_option_parse_conf_rej
                0x000000000800da1e        0xe zephyr/subsys/net/l2/ppp/libsubsys__net__l2__ppp.a(options.c.obj)
 .text.ppp_my_option_parse
                0x000000000800da2c       0x4a zephyr/subsys/net/l2/ppp/libsubsys__net__l2__ppp.a(options.c.obj)
 .text.ppp_parse_option_conf_req_unsupported
                0x000000000800da76       0x60 zephyr/subsys/net/l2/ppp/libsubsys__net__l2__ppp.a(options.c.obj)
 .text.ppp_parse_options
                0x000000000800dad6       0x82 zephyr/subsys/net/l2/ppp/libsubsys__net__l2__ppp.a(options.c.obj)
                0x000000000800dad6                ppp_parse_options
 .text.ppp_my_options_add
                0x000000000800db58       0x7e zephyr/subsys/net/l2/ppp/libsubsys__net__l2__ppp.a(options.c.obj)
                0x000000000800db58                ppp_my_options_add
 .text.ppp_link_terminated
                0x000000000800dbd6        0xe zephyr/subsys/net/l2/ppp/libsubsys__net__l2__ppp.a(link.c.obj)
                0x000000000800dbd6                ppp_link_terminated
 .text.ppp_link_down
                0x000000000800dbe4       0x1c zephyr/subsys/net/l2/ppp/libsubsys__net__l2__ppp.a(link.c.obj)
                0x000000000800dbe4                ppp_link_down
 .text.ppp_link_needed
                0x000000000800dc00        0x2 zephyr/subsys/net/l2/ppp/libsubsys__net__l2__ppp.a(link.c.obj)
                0x000000000800dc00                ppp_link_needed
 .text.ppp_network_up
                0x000000000800dc02       0x1c zephyr/subsys/net/l2/ppp/libsubsys__net__l2__ppp.a(network.c.obj)
                0x000000000800dc02                ppp_network_up
 .text.ppp_network_down
                0x000000000800dc1e       0x1c zephyr/subsys/net/l2/ppp/libsubsys__net__l2__ppp.a(network.c.obj)
                0x000000000800dc1e                ppp_network_down
 .text.ppp_change_phase
                0x000000000800dc3a        0xe zephyr/subsys/net/l2/ppp/libsubsys__net__l2__ppp.a(misc.c.obj)
                0x000000000800dc3a                ppp_change_phase
 .text.ppp_change_state
                0x000000000800dc48        0xe zephyr/subsys/net/l2/ppp/libsubsys__net__l2__ppp.a(misc.c.obj)
                0x000000000800dc48                ppp_change_state
 .text.ppp_fsm_name_set
                0x000000000800dc56        0x2 zephyr/subsys/net/l2/ppp/libsubsys__net__l2__ppp.a(misc.c.obj)
                0x000000000800dc56                ppp_fsm_name_set
 .text.ipcp_close
                0x000000000800dc58        0x8 zephyr/subsys/net/l2/ppp/libsubsys__net__l2__ppp.a(ipcp.c.obj)
 .text.ipcp_open
                0x000000000800dc60        0x8 zephyr/subsys/net/l2/ppp/libsubsys__net__l2__ppp.a(ipcp.c.obj)
 .text.ipcp_lower_down
                0x000000000800dc68        0x8 zephyr/subsys/net/l2/ppp/libsubsys__net__l2__ppp.a(ipcp.c.obj)
 .text.ipcp_proto_reject
                0x000000000800dc70        0x4 zephyr/subsys/net/l2/ppp/libsubsys__net__l2__ppp.a(ipcp.c.obj)
 .text.ipcp_lower_up
                0x000000000800dc74        0x8 zephyr/subsys/net/l2/ppp/libsubsys__net__l2__ppp.a(ipcp.c.obj)
 .text.ipcp_handle
                0x000000000800dc7c        0xc zephyr/subsys/net/l2/ppp/libsubsys__net__l2__ppp.a(ipcp.c.obj)
 .text.ipcp_config_info_nack
                0x000000000800dc88       0x18 zephyr/subsys/net/l2/ppp/libsubsys__net__l2__ppp.a(ipcp.c.obj)
 .text.ipcp_ip_address_parse
                0x000000000800dca0       0x1e zephyr/subsys/net/l2/ppp/libsubsys__net__l2__ppp.a(ipcp.c.obj)
 .text.ipcp_nak_dns2
                0x000000000800dcbe       0x16 zephyr/subsys/net/l2/ppp/libsubsys__net__l2__ppp.a(ipcp.c.obj)
 .text.ipcp_config_info_add
                0x000000000800dcd4        0x6 zephyr/subsys/net/l2/ppp/libsubsys__net__l2__ppp.a(ipcp.c.obj)
 .text.ipcp_finished
                0x000000000800dcda       0x1e zephyr/subsys/net/l2/ppp/libsubsys__net__l2__ppp.a(ipcp.c.obj)
 .text.ipcp_ack_check_address
                0x000000000800dcf8       0x2e zephyr/subsys/net/l2/ppp/libsubsys__net__l2__ppp.a(ipcp.c.obj)
 .text.ipcp_ack_dns2
                0x000000000800dd26        0xe zephyr/subsys/net/l2/ppp/libsubsys__net__l2__ppp.a(ipcp.c.obj)
 .text.ipcp_ack_dns1
                0x000000000800dd34        0xe zephyr/subsys/net/l2/ppp/libsubsys__net__l2__ppp.a(ipcp.c.obj)
 .text.ipcp_ack_ip_address
                0x000000000800dd42        0xe zephyr/subsys/net/l2/ppp/libsubsys__net__l2__ppp.a(ipcp.c.obj)
 .text.ipcp_down
                0x000000000800dd50       0x46 zephyr/subsys/net/l2/ppp/libsubsys__net__l2__ppp.a(ipcp.c.obj)
 .text.ipcp_add_address.constprop.0
                0x000000000800dd96       0x24 zephyr/subsys/net/l2/ppp/libsubsys__net__l2__ppp.a(ipcp.c.obj)
 .text.ipcp_add_ip_address
                0x000000000800ddba        0xc zephyr/subsys/net/l2/ppp/libsubsys__net__l2__ppp.a(ipcp.c.obj)
 .text.ipcp_add_dns1
                0x000000000800ddc6        0xc zephyr/subsys/net/l2/ppp/libsubsys__net__l2__ppp.a(ipcp.c.obj)
 .text.ipcp_add_dns2
                0x000000000800ddd2        0xc zephyr/subsys/net/l2/ppp/libsubsys__net__l2__ppp.a(ipcp.c.obj)
 .text.ipcp_nak_ip_address
                0x000000000800ddde       0x16 zephyr/subsys/net/l2/ppp/libsubsys__net__l2__ppp.a(ipcp.c.obj)
 .text.ipcp_nak_dns1
                0x000000000800ddf4       0x16 zephyr/subsys/net/l2/ppp/libsubsys__net__l2__ppp.a(ipcp.c.obj)
 .text.processing_data
                0x000000000800de0a       0x66 zephyr/subsys/net/ip/libsubsys__net__ip.a(net_core.c.obj)
 .text.net_init
                0x000000000800de70       0x2e zephyr/subsys/net/ip/libsubsys__net__ip.a(net_core.c.obj)
 .text.net_send_data
                0x000000000800de9e       0xf4 zephyr/subsys/net/ip/libsubsys__net__ip.a(net_core.c.obj)
                0x000000000800de9e                net_send_data
 .text.net_process_rx_packet
                0x000000000800df92        0xc zephyr/subsys/net/ip/libsubsys__net__ip.a(net_core.c.obj)
                0x000000000800df92                net_process_rx_packet
 .text.net_recv_data
                0x000000000800df9e       0x6c zephyr/subsys/net/ip/libsubsys__net__ip.a(net_core.c.obj)
                0x000000000800df9e                net_recv_data
 .text.net_if_l2
                0x000000000800e00a        0xa zephyr/subsys/net/ip/libsubsys__net__ip.a(net_if.c.obj)
 .text.net_context_send_cb
                0x000000000800e014       0x14 zephyr/subsys/net/ip/libsubsys__net__ip.a(net_if.c.obj)
 .text.k_uptime_get_32
                0x000000000800e028       0x10 zephyr/subsys/net/ip/libsubsys__net__ip.a(net_if.c.obj)
 .text.atomic_clear_bit
                0x000000000800e038       0x28 zephyr/subsys/net/ip/libsubsys__net__ip.a(net_if.c.obj)
 .text.k_mutex_lock.constprop.0.isra.0
                0x000000000800e060        0x4 zephyr/subsys/net/ip/libsubsys__net__ip.a(net_if.c.obj)
 .text.net_if_lock
                0x000000000800e064        0xe zephyr/subsys/net/ip/libsubsys__net__ip.a(net_if.c.obj)
 .text.net_if_flag_is_set
                0x000000000800e072       0x16 zephyr/subsys/net/ip/libsubsys__net__ip.a(net_if.c.obj)
 .text.l2_flags_get.isra.0
                0x000000000800e088       0x18 zephyr/subsys/net/ip/libsubsys__net__ip.a(net_if.c.obj)
 .text.net_if_flag_set.isra.0
                0x000000000800e0a0       0x1e zephyr/subsys/net/ip/libsubsys__net__ip.a(net_if.c.obj)
 .text.k_mutex_unlock.isra.0
                0x000000000800e0be        0x4 zephyr/subsys/net/ip/libsubsys__net__ip.a(net_if.c.obj)
 .text.if_ipv4_get_addr
                0x000000000800e0c2       0x5a zephyr/subsys/net/ip/libsubsys__net__ip.a(net_if.c.obj)
 .text.atomic_test_and_set_bit
                0x000000000800e11c       0x32 zephyr/subsys/net/ip/libsubsys__net__ip.a(net_if.c.obj)
 .text.atomic_test_and_clear_bit
                0x000000000800e14e       0x34 zephyr/subsys/net/ip/libsubsys__net__ip.a(net_if.c.obj)
 .text.net_if_set_link_addr_locked
                0x000000000800e182       0x3e zephyr/subsys/net/ip/libsubsys__net__ip.a(net_if.c.obj)
                0x000000000800e182                net_if_set_link_addr_locked
 .text.net_if_ipv4_get_ttl
                0x000000000800e1c0       0x1c zephyr/subsys/net/ip/libsubsys__net__ip.a(net_if.c.obj)